******************************************************************************
                  MSP430 Linker Unix v4.4.3                    
******************************************************************************
>> Linked Sat May  2 14:01:21 2015

OUTPUT FILE NAME:   <SlaveTlcController.out>
ENTRY POINT SYMBOL: "_c_int00_noargs_noexit"  address: 0000c3b2


MEMORY CONFIGURATION

         name            origin    length      used     unused   attr    fill
----------------------  --------  ---------  --------  --------  ----  --------
  SFR                   00000000   00000010  00000000  00000010  RWIX
  PERIPHERALS_8BIT      00000010   000000f0  00000000  000000f0  RWIX
  PERIPHERALS_16BIT     00000100   00000100  00000000  00000100  RWIX
  RAM                   00000200   00000200  000000aa  00000156  RWIX
  INFOD                 00001000   00000040  00000000  00000040  RWIX
  INFOC                 00001040   00000040  00000000  00000040  RWIX
  INFOB                 00001080   00000040  00000000  00000040  RWIX
  INFOA                 000010c0   00000040  00000000  00000040  RWIX
  FLASH                 0000c000   00003fe0  000006d6  0000390a  RWIX
  INT00                 0000ffe0   00000002  00000000  00000002  RWIX
  INT01                 0000ffe2   00000002  00000000  00000002  RWIX
  INT02                 0000ffe4   00000002  00000002  00000000  RWIX
  INT03                 0000ffe6   00000002  00000002  00000000  RWIX
  INT04                 0000ffe8   00000002  00000000  00000002  RWIX
  INT05                 0000ffea   00000002  00000002  00000000  RWIX
  INT06                 0000ffec   00000002  00000000  00000002  RWIX
  INT07                 0000ffee   00000002  00000000  00000002  RWIX
  INT08                 0000fff0   00000002  00000002  00000000  RWIX
  INT09                 0000fff2   00000002  00000002  00000000  RWIX
  INT10                 0000fff4   00000002  00000002  00000000  RWIX
  INT11                 0000fff6   00000002  00000002  00000000  RWIX
  INT12                 0000fff8   00000002  00000002  00000000  RWIX
  INT13                 0000fffa   00000002  00000002  00000000  RWIX
  INT14                 0000fffc   00000002  00000002  00000000  RWIX
  RESET                 0000fffe   00000002  00000002  00000000  RWIX


SECTION ALLOCATION MAP

 output                                  attributes/
section   page    origin      length       input sections
--------  ----  ----------  ----------   ----------------
.sysmem    0    00000200    00000050     UNINITIALIZED
                  00000200    00000004     rts430_eabi.lib : memory.obj (.sysmem)
                  00000204    0000004c     --HOLE--

.data      0    00000250    00000008     UNINITIALIZED
                  00000250    00000004     SlaveLibrary.lib : Usci.obj (.data)
                  00000254    00000002     rts430_eabi.lib : _lock.obj (.data:_lock)
                  00000256    00000002                     : _lock.obj (.data:_unlock)

.bss       0    00000258    00000002     UNINITIALIZED
                  00000258    00000002     (.common:sys_free)

.stack     0    000003b0    00000050     UNINITIALIZED
                  000003b0    00000002     rts430_eabi.lib : boot.obj (.stack)
                  000003b2    0000004e     --HOLE--

.text      0    0000c000    00000562     
                  0000c000    000000d8     SlaveLibrary.lib : Spi.obj (.text:_ZN5ucube3SpiC1ENS_11UsciChannel11UsciChannelENS_13SpiMasterMode13SpiMasterModeENS_7SpiMode7SpiModeENS_14SpiClockSource14SpiClockSourceENS_16SpiDataDirection16SpiDataDirectionENS_15SpiSymbolLength15SpiSymbolLengthENS_12SpiClockMode12SpiClockModeEt)
                  0000c0d8    00000080     rts430_eabi.lib : memory.obj (.text:free)
                  0000c158    00000064                     : copy_decompress_rle.obj (.text:__TI_decompress_rle_core)
                  0000c1bc    00000064     main.obj (.text:main)
                  0000c220    00000058     SlaveLibrary.lib : SpiMaster.obj (.text:_ZN5ucube9SpiMasterC1ENS_11UsciChannel11UsciChannelEtNS_14SpiClockSource14SpiClockSourceENS_12SpiClockMode12SpiClockModeENS_16SpiDataDirection16SpiDataDirectionENS_15SpiSymbolLength15SpiSymbolLengthE)
                  0000c278    00000058     rts430_eabi.lib : autoinit.obj (.text:_auto_init)
                  0000c2d0    0000002c     SlaveLibrary.lib : Usci.obj (.text:_ZN5ucube4Usci16SetUsciResetModeEb)
                  0000c2fc    0000002a                      : Usci.obj (.text:_ZN5ucube4Usci15SetUsciControl1Eh)
                  0000c326    00000028                      : Spi.obj (.text:_ZN5ucube3Spi10OnSerialTxEv)
                  0000c34e    00000024                      : Usci.obj (.text:_ZN5ucube4Usci11SetUsciBaudEt)
                  0000c372    00000022                      : Usci.obj (.text:_ZN5ucube4UsciC1ENS_11UsciChannel11UsciChannelE)
                  0000c394    0000001e                      : Usci.obj (.text:_ZN5ucube4Usci14SerialReadByteEv)
                  0000c3b2    0000001a     rts430_eabi.lib : boot_special.obj (.text:_c_int00_noargs_noexit)
                  0000c3cc    00000018     SlaveLibrary.lib : Spi.obj (.text:_ZN5ucube3Spi10OnSerialRxEv)
                  0000c3e4    00000018                      : Usci.obj (.text:_ZN5ucube4Usci14SerialSendByteEh)
                  0000c3fc    00000018                      : Usci.obj (.text:_ZN5ucube4Usci15SetUsciControl0Eh)
                  0000c414    00000018                      : Usci.obj (.text:_ZN5ucube4UsciD1Ev)
                  0000c42c    00000016     Tlc.obj (.text:_ZN3TlcD0Ev)
                  0000c442    00000016     SlaveLibrary.lib : Spi.obj (.text:_ZN5ucube3SpiD0Ev)
                  0000c458    00000016                      : SpiMaster.obj (.text:_ZN5ucube9SpiMasterD0Ev)
                  0000c46e    00000014     Tlc.obj (.text:_ZN3TlcC1EPN5ucube9SpiMasterE)
                  0000c482    00000014     rts430_eabi.lib : copy_zero_init.obj (.text:decompress:ZI:__TI_zero_init)
                  0000c496    00000012                     : copy_decompress_none.obj (.text:decompress:none:__TI_decompress_none)
                  0000c4a8    00000012                     : memcpy.obj (.text:memcpy)
                  0000c4ba    00000010                     : epilog.obj (.text)
                  0000c4ca    0000000e     Tlc.obj (.text:_ZN3TlcD1Ev)
                  0000c4d8    0000000e     SlaveLibrary.lib : Spi.obj (.text:_ZN5ucube3SpiD1Ev)
                  0000c4e6    0000000e                      : SpiMaster.obj (.text:_ZN5ucube9SpiMasterD1Ev)
                  0000c4f4    0000000c                      : SpiDevice.obj (.text:_ZN5ucube9SpiDeviceC1EPNS_9SpiMasterE)
                  0000c500    0000000a     rts430_eabi.lib : typeinfo_.obj (.text:_ZN10__cxxabiv117__class_type_infoD0Ev)
                  0000c50a    0000000a                     : typeinfo_.obj (.text:_ZN10__cxxabiv120__si_class_type_infoD0Ev)
                  0000c514    0000000a                     : typeinfo_.obj (.text:_ZN10__cxxabiv121__vmi_class_type_infoD0Ev)
                  0000c51e    0000000a     SlaveLibrary.lib : SpiDevice.obj (.text:_ZN5ucube9SpiDeviceD0Ev)
                  0000c528    0000000a     rts430_eabi.lib : delete.obj (.text:_ZdlPv)
                  0000c532    00000008                     : pure_virt.obj (.text:__cxa_pure_virtual)
                  0000c53a    00000006                     : isr_trap.obj (.text:_isr:__TI_ISR_TRAP)
                  0000c540    00000006                     : copy_decompress_rle.obj (.text:decompress:rle24:__TI_decompress_rle24)
                  0000c546    00000004     SlaveLibrary.lib : SpiMaster.obj (.text:_ZN5ucube9SpiMaster10OnSendByteEPh)
                  0000c54a    00000004     rts430_eabi.lib : error.obj (.text:__abort_execution)
                  0000c54e    00000004                     : pre_init.obj (.text:_system_pre_init)
                  0000c552    00000004                     : exit.obj (.text:abort)
                  0000c556    00000002                     : typeinfo_.obj (.text:_ZN10__cxxabiv117__class_type_infoD1Ev)
                  0000c558    00000002                     : typeinfo_.obj (.text:_ZN10__cxxabiv120__si_class_type_infoD1Ev)
                  0000c55a    00000002                     : typeinfo_.obj (.text:_ZN10__cxxabiv121__vmi_class_type_infoD1Ev)
                  0000c55c    00000002     SlaveLibrary.lib : SpiDevice.obj (.text:_ZN5ucube9SpiDeviceD1Ev)
                  0000c55e    00000002                      : SpiMaster.obj (.text:_ZN5ucube9SpiMaster13OnRecieveByteEh)
                  0000c560    00000002     rts430_eabi.lib : _lock.obj (.text:_nop)

.const     0    0000c562    00000156     
                  0000c562    00000026     rts430_eabi.lib : typeinfo_.obj (.const:.typeinfo:_ZTSN10__cxxabiv121__vmi_class_type_infoE)
                  0000c588    00000025                     : typeinfo_.obj (.const:.typeinfo:_ZTSN10__cxxabiv120__si_class_type_infoE)
                  0000c5ad    00000001     --HOLE-- [fill = 0]
                  0000c5ae    00000022                     : typeinfo_.obj (.const:.typeinfo:_ZTSN10__cxxabiv117__class_type_infoE)
                  0000c5d0    00000013     SlaveLibrary.lib : SpiDevice.obj (.const:.typeinfo:_ZTSN5ucube9SpiDeviceE)
                  0000c5e3    00000001     --HOLE-- [fill = 0]
                  0000c5e4    00000013                      : SpiMaster.obj (.const:.typeinfo:_ZTSN5ucube9SpiMasterE)
                  0000c5f7    00000001     --HOLE-- [fill = 0]
                  0000c5f8    00000010                      : Spi.obj (.const:_ZTVN5ucube3SpiE)
                  0000c608    00000010                      : SpiMaster.obj (.const:_ZTVN5ucube9SpiMasterE)
                  0000c618    0000000e                      : Spi.obj (.const:.typeinfo:_ZTIN5ucube3SpiE)
                  0000c626    0000000e                      : SpiMaster.obj (.const:.typeinfo:_ZTIN5ucube9SpiMasterE)
                  0000c634    0000000e                      : Spi.obj (.const:.typeinfo:_ZTSN5ucube4UsciE)
                  0000c642    0000000d                      : Spi.obj (.const:.typeinfo:_ZTSN5ucube3SpiE)
                  0000c64f    00000001     --HOLE-- [fill = 0]
                  0000c650    0000000d     rts430_eabi.lib : typeinfo_.obj (.const:.typeinfo:_ZTSSt9type_info)
                  0000c65d    00000001     --HOLE-- [fill = 0]
                  0000c65e    00000008     Tlc.obj (.const:_ZTV3Tlc)
                  0000c666    00000008     rts430_eabi.lib : typeinfo_.obj (.const:_ZTVN10__cxxabiv117__class_type_infoE)
                  0000c66e    00000008                     : typeinfo_.obj (.const:_ZTVN10__cxxabiv120__si_class_type_infoE)
                  0000c676    00000008                     : typeinfo_.obj (.const:_ZTVN10__cxxabiv121__vmi_class_type_infoE)
                  0000c67e    00000008     SlaveLibrary.lib : Usci.obj (.const:_ZTVN5ucube4UsciE)
                  0000c686    00000008                      : SpiDevice.obj (.const:_ZTVN5ucube9SpiDeviceE)
                  0000c68e    00000006     Tlc.obj (.const:.typeinfo:_ZTI3Tlc)
                  0000c694    00000006     rts430_eabi.lib : typeinfo_.obj (.const:.typeinfo:_ZTIN10__cxxabiv117__class_type_infoE)
                  0000c69a    00000006                     : typeinfo_.obj (.const:.typeinfo:_ZTIN10__cxxabiv120__si_class_type_infoE)
                  0000c6a0    00000006                     : typeinfo_.obj (.const:.typeinfo:_ZTIN10__cxxabiv121__vmi_class_type_infoE)
                  0000c6a6    00000005     Tlc.obj (.const:.typeinfo:_ZTS3Tlc)
                  0000c6ab    00000001     --HOLE-- [fill = 0]
                  0000c6ac    00000004     SlaveLibrary.lib : Spi.obj (.const:.typeinfo:_ZTIN5ucube4UsciE)
                  0000c6b0    00000004                      : SpiDevice.obj (.const:.typeinfo:_ZTIN5ucube9SpiDeviceE)
                  0000c6b4    00000004     rts430_eabi.lib : typeinfo_.obj (.const:.typeinfo:_ZTISt9type_info)

.cinit     0    0000c6b8    0000001e     
                  0000c6b8    0000000c     (.cinit..data.load) [load image]
                  0000c6c4    00000006     (__TI_handler_table)
                  0000c6ca    00000004     (.cinit..bss.load) [load image, compression = zero_init]
                  0000c6ce    00000008     (__TI_cinit_table)

.init_array 
*          0    0000c000    00000000     UNINITIALIZED

.TI.persistent 
*          0    00000250    00000000     UNINITIALIZED

.TI.noinit 
*          0    00000258    00000000     UNINITIALIZED

PORT1      0    0000ffe4    00000002     
                  0000ffe4    00000002     rts430_eabi.lib : int02.obj (.int02)

PORT2      0    0000ffe6    00000002     
                  0000ffe6    00000002     rts430_eabi.lib : int03.obj (.int03)

ADC10      0    0000ffea    00000002     
                  0000ffea    00000002     rts430_eabi.lib : int05.obj (.int05)

TIMER0_A1 
*          0    0000fff0    00000002     
                  0000fff0    00000002     rts430_eabi.lib : int08.obj (.int08)

TIMER0_A0 
*          0    0000fff2    00000002     
                  0000fff2    00000002     rts430_eabi.lib : int09.obj (.int09)

WDT        0    0000fff4    00000002     
                  0000fff4    00000002     rts430_eabi.lib : int10.obj (.int10)

COMPARATORA 
*          0    0000fff6    00000002     
                  0000fff6    00000002     rts430_eabi.lib : int11.obj (.int11)

TIMER1_A1 
*          0    0000fff8    00000002     
                  0000fff8    00000002     rts430_eabi.lib : int12.obj (.int12)

TIMER1_A0 
*          0    0000fffa    00000002     
                  0000fffa    00000002     rts430_eabi.lib : int13.obj (.int13)

NMI        0    0000fffc    00000002     
                  0000fffc    00000002     rts430_eabi.lib : int14.obj (.int14)

.reset     0    0000fffe    00000002     
                  0000fffe    00000002     rts430_eabi.lib : boot.obj (.reset)


LINKER GENERATED COPY TABLES

__TI_cinit_table @ 0000c6ce records: 2, size/record: 4, table size: 8
	.data: load addr=0000c6b8, load size=0000000c bytes, run addr=00000250, run size=00000008 bytes, compression=copy
	.bss: load addr=0000c6ca, load size=00000004 bytes, run addr=00000258, run size=00000002 bytes, compression=zero_init


LINKER GENERATED HANDLER TABLE

__TI_handler_table @ 0000c6c4 records: 3, size/record: 2, table size: 6
	index: 0, handler: __TI_zero_init
	index: 1, handler: __TI_decompress_rle24
	index: 2, handler: __TI_decompress_none


GLOBAL SYMBOLS: SORTED ALPHABETICALLY BY Name 

address   name                                                                                                                                                                                                                                                   
-------   ----                                                                                                                                                                                                                                                   
0000004a  ADC10AE0                                                                                                                                                                                                                                               
000001b0  ADC10CTL0                                                                                                                                                                                                                                              
000001b2  ADC10CTL1                                                                                                                                                                                                                                              
00000048  ADC10DTC0                                                                                                                                                                                                                                              
00000049  ADC10DTC1                                                                                                                                                                                                                                              
000001b4  ADC10MEM                                                                                                                                                                                                                                               
000001bc  ADC10SA                                                                                                                                                                                                                                                
00000057  BCSCTL1                                                                                                                                                                                                                                                
00000058  BCSCTL2                                                                                                                                                                                                                                                
00000053  BCSCTL3                                                                                                                                                                                                                                                
0000c552  C$$EXIT                                                                                                                                                                                                                                                
00000059  CACTL1                                                                                                                                                                                                                                                 
0000005a  CACTL2                                                                                                                                                                                                                                                 
000010fb  CALBC1_12MHZ                                                                                                                                                                                                                                           
000010f9  CALBC1_16MHZ                                                                                                                                                                                                                                           
000010ff  CALBC1_1MHZ                                                                                                                                                                                                                                            
000010fd  CALBC1_8MHZ                                                                                                                                                                                                                                            
000010fa  CALDCO_12MHZ                                                                                                                                                                                                                                           
000010f8  CALDCO_16MHZ                                                                                                                                                                                                                                           
000010fe  CALDCO_1MHZ                                                                                                                                                                                                                                            
000010fc  CALDCO_8MHZ                                                                                                                                                                                                                                            
0000005b  CAPD                                                                                                                                                                                                                                                   
00000056  DCOCTL                                                                                                                                                                                                                                                 
00000128  FCTL1                                                                                                                                                                                                                                                  
0000012a  FCTL2                                                                                                                                                                                                                                                  
0000012c  FCTL3                                                                                                                                                                                                                                                  
00000000  IE1                                                                                                                                                                                                                                                    
00000001  IE2                                                                                                                                                                                                                                                    
00000002  IFG1                                                                                                                                                                                                                                                   
00000003  IFG2                                                                                                                                                                                                                                                   
00000022  P1DIR                                                                                                                                                                                                                                                  
00000025  P1IE                                                                                                                                                                                                                                                   
00000024  P1IES                                                                                                                                                                                                                                                  
00000023  P1IFG                                                                                                                                                                                                                                                  
00000020  P1IN                                                                                                                                                                                                                                                   
00000021  P1OUT                                                                                                                                                                                                                                                  
00000027  P1REN                                                                                                                                                                                                                                                  
00000026  P1SEL                                                                                                                                                                                                                                                  
00000041  P1SEL2                                                                                                                                                                                                                                                 
0000002a  P2DIR                                                                                                                                                                                                                                                  
0000002d  P2IE                                                                                                                                                                                                                                                   
0000002c  P2IES                                                                                                                                                                                                                                                  
0000002b  P2IFG                                                                                                                                                                                                                                                  
00000028  P2IN                                                                                                                                                                                                                                                   
00000029  P2OUT                                                                                                                                                                                                                                                  
0000002f  P2REN                                                                                                                                                                                                                                                  
0000002e  P2SEL                                                                                                                                                                                                                                                  
00000042  P2SEL2                                                                                                                                                                                                                                                 
0000001a  P3DIR                                                                                                                                                                                                                                                  
00000018  P3IN                                                                                                                                                                                                                                                   
00000019  P3OUT                                                                                                                                                                                                                                                  
00000010  P3REN                                                                                                                                                                                                                                                  
0000001b  P3SEL                                                                                                                                                                                                                                                  
00000043  P3SEL2                                                                                                                                                                                                                                                 
00000172  TA0CCR0                                                                                                                                                                                                                                                
00000174  TA0CCR1                                                                                                                                                                                                                                                
00000176  TA0CCR2                                                                                                                                                                                                                                                
00000162  TA0CCTL0                                                                                                                                                                                                                                               
00000164  TA0CCTL1                                                                                                                                                                                                                                               
00000166  TA0CCTL2                                                                                                                                                                                                                                               
00000160  TA0CTL                                                                                                                                                                                                                                                 
0000012e  TA0IV                                                                                                                                                                                                                                                  
00000170  TA0R                                                                                                                                                                                                                                                   
00000192  TA1CCR0                                                                                                                                                                                                                                                
00000194  TA1CCR1                                                                                                                                                                                                                                                
00000196  TA1CCR2                                                                                                                                                                                                                                                
00000182  TA1CCTL0                                                                                                                                                                                                                                               
00000184  TA1CCTL1                                                                                                                                                                                                                                               
00000186  TA1CCTL2                                                                                                                                                                                                                                               
00000180  TA1CTL                                                                                                                                                                                                                                                 
0000011e  TA1IV                                                                                                                                                                                                                                                  
00000190  TA1R                                                                                                                                                                                                                                                   
000010db  TLV_ADC10_1_LEN                                                                                                                                                                                                                                        
000010da  TLV_ADC10_1_TAG                                                                                                                                                                                                                                        
000010c0  TLV_CHECKSUM                                                                                                                                                                                                                                           
000010f7  TLV_DCO_30_LEN                                                                                                                                                                                                                                         
000010f6  TLV_DCO_30_TAG                                                                                                                                                                                                                                         
0000005d  UCA0ABCTL                                                                                                                                                                                                                                              
00000062  UCA0BR0                                                                                                                                                                                                                                                
00000063  UCA0BR1                                                                                                                                                                                                                                                
00000060  UCA0CTL0                                                                                                                                                                                                                                               
00000061  UCA0CTL1                                                                                                                                                                                                                                               
0000005f  UCA0IRRCTL                                                                                                                                                                                                                                             
0000005e  UCA0IRTCTL                                                                                                                                                                                                                                             
00000064  UCA0MCTL                                                                                                                                                                                                                                               
00000066  UCA0RXBUF                                                                                                                                                                                                                                              
00000065  UCA0STAT                                                                                                                                                                                                                                               
00000067  UCA0TXBUF                                                                                                                                                                                                                                              
0000006a  UCB0BR0                                                                                                                                                                                                                                                
0000006b  UCB0BR1                                                                                                                                                                                                                                                
00000068  UCB0CTL0                                                                                                                                                                                                                                               
00000069  UCB0CTL1                                                                                                                                                                                                                                               
0000006c  UCB0I2CIE                                                                                                                                                                                                                                              
00000118  UCB0I2COA                                                                                                                                                                                                                                              
0000011a  UCB0I2CSA                                                                                                                                                                                                                                              
0000006e  UCB0RXBUF                                                                                                                                                                                                                                              
0000006d  UCB0STAT                                                                                                                                                                                                                                               
0000006f  UCB0TXBUF                                                                                                                                                                                                                                              
00000120  WDTCTL                                                                                                                                                                                                                                                 
0000c500  _ZN10__cxxabiv117__class_type_infoD0Ev                                                                                                                                                                                                                 
0000c556  _ZN10__cxxabiv117__class_type_infoD1Ev                                                                                                                                                                                                                 
0000c556  _ZN10__cxxabiv117__class_type_infoD2Ev                                                                                                                                                                                                                 
0000c50a  _ZN10__cxxabiv120__si_class_type_infoD0Ev                                                                                                                                                                                                              
0000c558  _ZN10__cxxabiv120__si_class_type_infoD1Ev                                                                                                                                                                                                              
0000c558  _ZN10__cxxabiv120__si_class_type_infoD2Ev                                                                                                                                                                                                              
0000c514  _ZN10__cxxabiv121__vmi_class_type_infoD0Ev                                                                                                                                                                                                             
0000c55a  _ZN10__cxxabiv121__vmi_class_type_infoD1Ev                                                                                                                                                                                                             
0000c55a  _ZN10__cxxabiv121__vmi_class_type_infoD2Ev                                                                                                                                                                                                             
0000c46e  _ZN3TlcC1EPN5ucube9SpiMasterE                                                                                                                                                                                                                          
0000c46e  _ZN3TlcC2EPN5ucube9SpiMasterE                                                                                                                                                                                                                          
0000c42c  _ZN3TlcD0Ev                                                                                                                                                                                                                                            
0000c4ca  _ZN3TlcD1Ev                                                                                                                                                                                                                                            
0000c4ca  _ZN3TlcD2Ev                                                                                                                                                                                                                                            
0000c3cc  _ZN5ucube3Spi10OnSerialRxEv                                                                                                                                                                                                                            
0000c326  _ZN5ucube3Spi10OnSerialTxEv                                                                                                                                                                                                                            
0000c000  _ZN5ucube3SpiC1ENS_11UsciChannel11UsciChannelENS_13SpiMasterMode13SpiMasterModeENS_7SpiMode7SpiModeENS_14SpiClockSource14SpiClockSourceENS_16SpiDataDirection16SpiDataDirectionENS_15SpiSymbolLength15SpiSymbolLengthENS_12SpiClockMode12SpiClockModeEt
0000c000  _ZN5ucube3SpiC2ENS_11UsciChannel11UsciChannelENS_13SpiMasterMode13SpiMasterModeENS_7SpiMode7SpiModeENS_14SpiClockSource14SpiClockSourceENS_16SpiDataDirection16SpiDataDirectionENS_15SpiSymbolLength15SpiSymbolLengthENS_12SpiClockMode12SpiClockModeEt
0000c442  _ZN5ucube3SpiD0Ev                                                                                                                                                                                                                                      
0000c4d8  _ZN5ucube3SpiD1Ev                                                                                                                                                                                                                                      
0000c4d8  _ZN5ucube3SpiD2Ev                                                                                                                                                                                                                                      
0000c34e  _ZN5ucube4Usci11SetUsciBaudEt                                                                                                                                                                                                                          
0000c394  _ZN5ucube4Usci14SerialReadByteEv                                                                                                                                                                                                                       
0000c3e4  _ZN5ucube4Usci14SerialSendByteEh                                                                                                                                                                                                                       
00000250  _ZN5ucube4Usci14usciACallbacksE                                                                                                                                                                                                                        
00000252  _ZN5ucube4Usci14usciBCallbacksE                                                                                                                                                                                                                        
0000c3fc  _ZN5ucube4Usci15SetUsciControl0Eh                                                                                                                                                                                                                      
0000c2fc  _ZN5ucube4Usci15SetUsciControl1Eh                                                                                                                                                                                                                      
0000c2d0  _ZN5ucube4Usci16SetUsciResetModeEb                                                                                                                                                                                                                     
0000c372  _ZN5ucube4UsciC1ENS_11UsciChannel11UsciChannelE                                                                                                                                                                                                        
0000c372  _ZN5ucube4UsciC2ENS_11UsciChannel11UsciChannelE                                                                                                                                                                                                        
0000c414  _ZN5ucube4UsciD1Ev                                                                                                                                                                                                                                     
0000c414  _ZN5ucube4UsciD2Ev                                                                                                                                                                                                                                     
0000c4f4  _ZN5ucube9SpiDeviceC1EPNS_9SpiMasterE                                                                                                                                                                                                                  
0000c4f4  _ZN5ucube9SpiDeviceC2EPNS_9SpiMasterE                                                                                                                                                                                                                  
0000c51e  _ZN5ucube9SpiDeviceD0Ev                                                                                                                                                                                                                                
0000c55c  _ZN5ucube9SpiDeviceD1Ev                                                                                                                                                                                                                                
0000c55c  _ZN5ucube9SpiDeviceD2Ev                                                                                                                                                                                                                                
0000c546  _ZN5ucube9SpiMaster10OnSendByteEPh                                                                                                                                                                                                                     
0000c55e  _ZN5ucube9SpiMaster13OnRecieveByteEh                                                                                                                                                                                                                   
0000c220  _ZN5ucube9SpiMasterC1ENS_11UsciChannel11UsciChannelEtNS_14SpiClockSource14SpiClockSourceENS_12SpiClockMode12SpiClockModeENS_16SpiDataDirection16SpiDataDirectionENS_15SpiSymbolLength15SpiSymbolLengthE                                                
0000c220  _ZN5ucube9SpiMasterC2ENS_11UsciChannel11UsciChannelEtNS_14SpiClockSource14SpiClockSourceENS_12SpiClockMode12SpiClockModeENS_16SpiDataDirection16SpiDataDirectionENS_15SpiSymbolLength15SpiSymbolLengthE                                                
0000c458  _ZN5ucube9SpiMasterD0Ev                                                                                                                                                                                                                                
0000c4e6  _ZN5ucube9SpiMasterD1Ev                                                                                                                                                                                                                                
0000c4e6  _ZN5ucube9SpiMasterD2Ev                                                                                                                                                                                                                                
0000c68e  _ZTI3Tlc                                                                                                                                                                                                                                               
0000c694  _ZTIN10__cxxabiv117__class_type_infoE                                                                                                                                                                                                                  
0000c69a  _ZTIN10__cxxabiv120__si_class_type_infoE                                                                                                                                                                                                               
0000c6a0  _ZTIN10__cxxabiv121__vmi_class_type_infoE                                                                                                                                                                                                              
0000c618  _ZTIN5ucube3SpiE                                                                                                                                                                                                                                       
0000c6ac  _ZTIN5ucube4UsciE                                                                                                                                                                                                                                      
0000c6b0  _ZTIN5ucube9SpiDeviceE                                                                                                                                                                                                                                 
0000c626  _ZTIN5ucube9SpiMasterE                                                                                                                                                                                                                                 
0000c6b4  _ZTISt9type_info                                                                                                                                                                                                                                       
0000c6a6  _ZTS3Tlc                                                                                                                                                                                                                                               
0000c5ae  _ZTSN10__cxxabiv117__class_type_infoE                                                                                                                                                                                                                  
0000c588  _ZTSN10__cxxabiv120__si_class_type_infoE                                                                                                                                                                                                               
0000c562  _ZTSN10__cxxabiv121__vmi_class_type_infoE                                                                                                                                                                                                              
0000c642  _ZTSN5ucube3SpiE                                                                                                                                                                                                                                       
0000c634  _ZTSN5ucube4UsciE                                                                                                                                                                                                                                      
0000c5d0  _ZTSN5ucube9SpiDeviceE                                                                                                                                                                                                                                 
0000c5e4  _ZTSN5ucube9SpiMasterE                                                                                                                                                                                                                                 
0000c650  _ZTSSt9type_info                                                                                                                                                                                                                                       
0000c65e  _ZTV3Tlc                                                                                                                                                                                                                                               
0000c666  _ZTVN10__cxxabiv117__class_type_infoE                                                                                                                                                                                                                  
0000c66e  _ZTVN10__cxxabiv120__si_class_type_infoE                                                                                                                                                                                                               
0000c676  _ZTVN10__cxxabiv121__vmi_class_type_infoE                                                                                                                                                                                                              
0000c5f8  _ZTVN5ucube3SpiE                                                                                                                                                                                                                                       
0000c67e  _ZTVN5ucube4UsciE                                                                                                                                                                                                                                      
0000c686  _ZTVN5ucube9SpiDeviceE                                                                                                                                                                                                                                 
0000c608  _ZTVN5ucube9SpiMasterE                                                                                                                                                                                                                                 
0000c528  _ZdlPv                                                                                                                                                                                                                                                 
00000400  __STACK_END                                                                                                                                                                                                                                            
00000050  __STACK_SIZE                                                                                                                                                                                                                                           
00000050  __SYSMEM_SIZE                                                                                                                                                                                                                                          
0000c6ce  __TI_CINIT_Base                                                                                                                                                                                                                                        
0000c6d6  __TI_CINIT_Limit                                                                                                                                                                                                                                       
0000c6c4  __TI_Handler_Table_Base                                                                                                                                                                                                                                
0000c6ca  __TI_Handler_Table_Limit                                                                                                                                                                                                                               
UNDEFED   __TI_INITARRAY_Base                                                                                                                                                                                                                                    
UNDEFED   __TI_INITARRAY_Limit                                                                                                                                                                                                                                   
0000c53a  __TI_ISR_TRAP                                                                                                                                                                                                                                          
0000c496  __TI_decompress_none                                                                                                                                                                                                                                   
0000c540  __TI_decompress_rle24                                                                                                                                                                                                                                  
0000ffe4  __TI_int02                                                                                                                                                                                                                                             
0000ffe6  __TI_int03                                                                                                                                                                                                                                             
0000ffea  __TI_int05                                                                                                                                                                                                                                             
0000fff0  __TI_int08                                                                                                                                                                                                                                             
0000fff2  __TI_int09                                                                                                                                                                                                                                             
0000fff4  __TI_int10                                                                                                                                                                                                                                             
0000fff6  __TI_int11                                                                                                                                                                                                                                             
0000fff8  __TI_int12                                                                                                                                                                                                                                             
0000fffa  __TI_int13                                                                                                                                                                                                                                             
0000fffc  __TI_int14                                                                                                                                                                                                                                             
0000c482  __TI_zero_init                                                                                                                                                                                                                                         
0000c54a  __abort_execution                                                                                                                                                                                                                                      
ffffffff  __binit__                                                                                                                                                                                                                                              
ffffffff  __c_args__                                                                                                                                                                                                                                             
0000c532  __cxa_pure_virtual                                                                                                                                                                                                                                     
0000c4c6  __mspabi_func_epilog_1                                                                                                                                                                                                                                 
0000c4c4  __mspabi_func_epilog_2                                                                                                                                                                                                                                 
0000c4c2  __mspabi_func_epilog_3                                                                                                                                                                                                                                 
0000c4c0  __mspabi_func_epilog_4                                                                                                                                                                                                                                 
0000c4be  __mspabi_func_epilog_5                                                                                                                                                                                                                                 
0000c4bc  __mspabi_func_epilog_6                                                                                                                                                                                                                                 
0000c4ba  __mspabi_func_epilog_7                                                                                                                                                                                                                                 
0000c278  _auto_init                                                                                                                                                                                                                                             
0000c3b2  _c_int00_noargs_noexit                                                                                                                                                                                                                                 
00000254  _lock                                                                                                                                                                                                                                                  
0000c560  _nop                                                                                                                                                                                                                                                   
0000fffe  _reset_vector                                                                                                                                                                                                                                          
000003b0  _stack                                                                                                                                                                                                                                                 
00000200  _sys_memory                                                                                                                                                                                                                                            
0000c54e  _system_pre_init                                                                                                                                                                                                                                       
00000256  _unlock                                                                                                                                                                                                                                                
0000c552  abort                                                                                                                                                                                                                                                  
ffffffff  binit                                                                                                                                                                                                                                                  
0000c0d8  free                                                                                                                                                                                                                                                   
0000c1bc  main                                                                                                                                                                                                                                                   
0000c4a8  memcpy                                                                                                                                                                                                                                                 


GLOBAL SYMBOLS: SORTED BY Symbol Address 

address   name                                                                                                                                                                                                                                                   
-------   ----                                                                                                                                                                                                                                                   
00000000  IE1                                                                                                                                                                                                                                                    
00000001  IE2                                                                                                                                                                                                                                                    
00000002  IFG1                                                                                                                                                                                                                                                   
00000003  IFG2                                                                                                                                                                                                                                                   
00000010  P3REN                                                                                                                                                                                                                                                  
00000018  P3IN                                                                                                                                                                                                                                                   
00000019  P3OUT                                                                                                                                                                                                                                                  
0000001a  P3DIR                                                                                                                                                                                                                                                  
0000001b  P3SEL                                                                                                                                                                                                                                                  
00000020  P1IN                                                                                                                                                                                                                                                   
00000021  P1OUT                                                                                                                                                                                                                                                  
00000022  P1DIR                                                                                                                                                                                                                                                  
00000023  P1IFG                                                                                                                                                                                                                                                  
00000024  P1IES                                                                                                                                                                                                                                                  
00000025  P1IE                                                                                                                                                                                                                                                   
00000026  P1SEL                                                                                                                                                                                                                                                  
00000027  P1REN                                                                                                                                                                                                                                                  
00000028  P2IN                                                                                                                                                                                                                                                   
00000029  P2OUT                                                                                                                                                                                                                                                  
0000002a  P2DIR                                                                                                                                                                                                                                                  
0000002b  P2IFG                                                                                                                                                                                                                                                  
0000002c  P2IES                                                                                                                                                                                                                                                  
0000002d  P2IE                                                                                                                                                                                                                                                   
0000002e  P2SEL                                                                                                                                                                                                                                                  
0000002f  P2REN                                                                                                                                                                                                                                                  
00000041  P1SEL2                                                                                                                                                                                                                                                 
00000042  P2SEL2                                                                                                                                                                                                                                                 
00000043  P3SEL2                                                                                                                                                                                                                                                 
00000048  ADC10DTC0                                                                                                                                                                                                                                              
00000049  ADC10DTC1                                                                                                                                                                                                                                              
[...]
0000c4ca  _ZN3TlcD1Ev                                                                                                                                                                                                                                            
0000c4ca  _ZN3TlcD2Ev                                                                                                                                                                                                                                            
0000c4d8  _ZN5ucube3SpiD1Ev                                                                                                                                                                                                                                      
0000c4d8  _ZN5ucube3SpiD2Ev                                                                                                                                                                                                                                      
0000c4e6  _ZN5ucube9SpiMasterD1Ev                                                                                                                                                                                                                                
0000c4e6  _ZN5ucube9SpiMasterD2Ev                                                                                                                                                                                                                                
0000c4f4  _ZN5ucube9SpiDeviceC1EPNS_9SpiMasterE                                                                                                                                                                                                                  
0000c4f4  _ZN5ucube9SpiDeviceC2EPNS_9SpiMasterE                                                                                                                                                                                                                  
0000c500  _ZN10__cxxabiv117__class_type_infoD0Ev                                                                                                                                                                                                                 
0000c50a  _ZN10__cxxabiv120__si_class_type_infoD0Ev                                                                                                                                                                                                              
0000c514  _ZN10__cxxabiv121__vmi_class_type_infoD0Ev                                                                                                                                                                                                             
0000c51e  _ZN5ucube9SpiDeviceD0Ev                                                                                                                                                                                                                                
0000c528  _ZdlPv                                                                                                                                                                                                                                                 
0000c532  __cxa_pure_virtual                                                                                                                                                                                                                                     
0000c53a  __TI_ISR_TRAP                                                                                                                                                                                                                                          
0000c540  __TI_decompress_rle24                                                                                                                                                                                                                                  
0000c546  _ZN5ucube9SpiMaster10OnSendByteEPh                                                                                                                                                                                                                     
0000c54a  __abort_execution                                                                                                                                                                                                                                      
0000c54e  _system_pre_init                                                                                                                                                                                                                                       
0000c552  C$$EXIT                                                                                                                                                                                                                                                
0000c552  abort                                                                                                                                                                                                                                                  
0000c556  _ZN10__cxxabiv117__class_type_infoD1Ev                                                                                                                                                                                                                 
0000c556  _ZN10__cxxabiv117__class_type_infoD2Ev                                                                                                                                                                                                                 
0000c558  _ZN10__cxxabiv120__si_class_type_infoD1Ev                                                                                                                                                                                                              
0000c558  _ZN10__cxxabiv120__si_class_type_infoD2Ev                                                                                                                                                                                                              
0000c55a  _ZN10__cxxabiv121__vmi_class_type_infoD1Ev                                                                                                                                                                                                             
0000c55a  _ZN10__cxxabiv121__vmi_class_type_infoD2Ev                                                                                                                                                                                                             
0000c55c  _ZN5ucube9SpiDeviceD1Ev                                                                                                                                                                                                                                
0000c55c  _ZN5ucube9SpiDeviceD2Ev                                                                                                                                                                                                                                
0000c55e  _ZN5ucube9SpiMaster13OnRecieveByteEh                                                                                                                                                                                                                   
0000c560  _nop                                                                                                                                                                                                                                                   
0000c562  _ZTSN10__cxxabiv121__vmi_class_type_infoE                                                                                                                                                                                                              
0000c588  _ZTSN10__cxxabiv120__si_class_type_infoE                                                                                                                                                                                                               
0000c5ae  _ZTSN10__cxxabiv117__class_type_infoE                                                                                                                                                                                                                  
0000c5d0  _ZTSN5ucube9SpiDeviceE                                                                                                                                                                                                                                 
0000c5e4  _ZTSN5ucube9SpiMasterE                                                                                                                                                                                                                                 
0000c5f8  _ZTVN5ucube3SpiE                                                                                                                                                                                                                                       
0000c608  _ZTVN5ucube9SpiMasterE                                                                                                                                                                                                                                 
0000c618  _ZTIN5ucube3SpiE                                                                                                                                                                                                                                       
0000c626  _ZTIN5ucube9SpiMasterE                                                                                                                                                                                                                                 
0000c634  _ZTSN5ucube4UsciE                                                                                                                                                                                                                                      
0000c642  _ZTSN5ucube3SpiE                                                                                                                                                                                                                                       
0000c650  _ZTSSt9type_info                                                                                                                                                                                                                                       
0000c65e  _ZTV3Tlc                                                                                                                                                                                                                                               
0000c666  _ZTVN10__cxxabiv117__class_type_infoE                                                                                                                                                                                                                  
0000c66e  _ZTVN10__cxxabiv120__si_class_type_infoE                                                                                                                                                                                                               
0000c676  _ZTVN10__cxxabiv121__vmi_class_type_infoE                                                                                                                                                                                                              
0000c67e  _ZTVN5ucube4UsciE                                                                                                                                                                                                                                      
0000c686  _ZTVN5ucube9SpiDeviceE                                                                                                                                                                                                                                 
0000c68e  _ZTI3Tlc                                                                                                                                                                                                                                               
0000c694  _ZTIN10__cxxabiv117__class_type_infoE                                                                                                                                                                                                                  
0000c69a  _ZTIN10__cxxabiv120__si_class_type_infoE                                                                                                                                                                                                               
0000c6a0  _ZTIN10__cxxabiv121__vmi_class_type_infoE                                                                                                                                                                                                              
0000c6a6  _ZTS3Tlc                                                                                                                                                                                                                                               
0000c6ac  _ZTIN5ucube4UsciE                                                                                                                                                                                                                                      
0000c6b0  _ZTIN5ucube9SpiDeviceE                                                                                                                                                                                                                                 
0000c6b4  _ZTISt9type_info                                                                                                                                                                                                                                       
0000c6c4  __TI_Handler_Table_Base                                                                                                                                                                                                                                
0000c6ca  __TI_Handler_Table_Limit                                                                                                                                                                                                                               
0000c6ce  __TI_CINIT_Base                                                                                                                                                                                                                                        
0000c6d6  __TI_CINIT_Limit                                                                                                                                                                                                                                       
0000ffe4  __TI_int02                                                                                                                                                                                                                                             
0000ffe6  __TI_int03                                                                                                                                                                                                                                             
0000ffea  __TI_int05                                                                                                                                                                                                                                             
0000fff0  __TI_int08                                                                                                                                                                                                                                             
0000fff2  __TI_int09                                                                                                                                                                                                                                             
0000fff4  __TI_int10                                                                                                                                                                                                                                             
0000fff6  __TI_int11                                                                                                                                                                                                                                             
0000fff8  __TI_int12                                                                                                                                                                                                                                             
0000fffa  __TI_int13                                                                                                                                                                                                                                             
0000fffc  __TI_int14                                                                                                                                                                                                                                             
0000fffe  _reset_vector                                                                                                                                                                                                                                          
ffffffff  __binit__                                                                                                                                                                                                                                              
ffffffff  __c_args__                                                                                                                                                                                                                                             
ffffffff  binit                                                                                                                                                                                                                                                  
UNDEFED   __TI_INITARRAY_Base                                                                                                                                                                                                                                    
UNDEFED   __TI_INITARRAY_Limit                                                                                                                                                                                                                                   

[219 symbols]
