<?xml version="1.0"?>
<link_info>
   <banner>MSP430 Linker Unix v4.4.3</banner>
   <copyright>Copyright (c) 2003-2015 Texas Instruments Incorporated</copyright>
   <link_time>0x55451f01</link_time>
   <link_errors>0x0</link_errors>
   <output_file>SlaveTlcController.out</output_file>
   <entry_point>
      <name>_c_int00_noargs_noexit</name>
      <address>0xc3b2</address>
   </entry_point>
   <input_file_list>
      <input_file id="fl-2">
         <path>./</path>
         <kind>object</kind>
         <file>Tlc.obj</file>
         <name>Tlc.obj</name>
      </input_file>
      <input_file id="fl-3">
         <path>./</path>
         <kind>object</kind>
         <file>main.obj</file>
         <name>main.obj</name>
      </input_file>
      <input_file id="fl-33">
         <path>/home/vens/ti/ccsv6/tools/compiler/ti-cgt-msp430_4.4.3/lib/</path>
         <kind>archive</kind>
         <file>rts430_eabi.lib</file>
         <name>boot.obj</name>
      </input_file>
      <input_file id="fl-34">
         <path>/home/vens/ti/ccsv6/tools/compiler/ti-cgt-msp430_4.4.3/lib/</path>
         <kind>archive</kind>
         <file>rts430_eabi.lib</file>
         <name>boot_special.obj</name>
      </input_file>
      <input_file id="fl-35">
         <path>/home/vens/ti/ccsv6/tools/compiler/ti-cgt-msp430_4.4.3/lib/</path>
         <kind>archive</kind>
         <file>rts430_eabi.lib</file>
         <name>copy_decompress_none.obj</name>
      </input_file>
      <input_file id="fl-36">
         <path>/home/vens/ti/ccsv6/tools/compiler/ti-cgt-msp430_4.4.3/lib/</path>
         <kind>archive</kind>
         <file>rts430_eabi.lib</file>
         <name>copy_decompress_rle.obj</name>
      </input_file>
      <input_file id="fl-37">
         <path>/home/vens/ti/ccsv6/tools/compiler/ti-cgt-msp430_4.4.3/lib/</path>
         <kind>archive</kind>
         <file>rts430_eabi.lib</file>
         <name>copy_zero_init.obj</name>
      </input_file>
      <input_file id="fl-38">
         <path>/home/vens/ti/ccsv6/tools/compiler/ti-cgt-msp430_4.4.3/lib/</path>
         <kind>archive</kind>
         <file>rts430_eabi.lib</file>
         <name>delete.obj</name>
      </input_file>
      <input_file id="fl-39">
         <path>/home/vens/ti/ccsv6/tools/compiler/ti-cgt-msp430_4.4.3/lib/</path>
         <kind>archive</kind>
         <file>rts430_eabi.lib</file>
         <name>epilog.obj</name>
      </input_file>
      <input_file id="fl-3a">
         <path>/home/vens/ti/ccsv6/tools/compiler/ti-cgt-msp430_4.4.3/lib/</path>
         <kind>archive</kind>
         <file>rts430_eabi.lib</file>
         <name>exit.obj</name>
      </input_file>
      <input_file id="fl-3b">
         <path>/home/vens/ti/ccsv6/tools/compiler/ti-cgt-msp430_4.4.3/lib/</path>
         <kind>archive</kind>
         <file>rts430_eabi.lib</file>
         <name>int02.obj</name>
      </input_file>
      <input_file id="fl-3c">
         <path>/home/vens/ti/ccsv6/tools/compiler/ti-cgt-msp430_4.4.3/lib/</path>
         <kind>archive</kind>
         <file>rts430_eabi.lib</file>
         <name>int03.obj</name>
      </input_file>
      <input_file id="fl-3d">
         <path>/home/vens/ti/ccsv6/tools/compiler/ti-cgt-msp430_4.4.3/lib/</path>
         <kind>archive</kind>
         <file>rts430_eabi.lib</file>
         <name>int05.obj</name>
      </input_file>
      <input_file id="fl-3e">
         <path>/home/vens/ti/ccsv6/tools/compiler/ti-cgt-msp430_4.4.3/lib/</path>
         <kind>archive</kind>
         <file>rts430_eabi.lib</file>
         <name>int08.obj</name>
      </input_file>
      <input_file id="fl-3f">
         <path>/home/vens/ti/ccsv6/tools/compiler/ti-cgt-msp430_4.4.3/lib/</path>
         <kind>archive</kind>
         <file>rts430_eabi.lib</file>
         <name>int09.obj</name>
      </input_file>
      <input_file id="fl-40">
         <path>/home/vens/ti/ccsv6/tools/compiler/ti-cgt-msp430_4.4.3/lib/</path>
         <kind>archive</kind>
         <file>rts430_eabi.lib</file>
         <name>int10.obj</name>
      </input_file>
      <input_file id="fl-41">
         <path>/home/vens/ti/ccsv6/tools/compiler/ti-cgt-msp430_4.4.3/lib/</path>
         <kind>archive</kind>
         <file>rts430_eabi.lib</file>
         <name>int11.obj</name>
      </input_file>
      <input_file id="fl-42">
         <path>/home/vens/ti/ccsv6/tools/compiler/ti-cgt-msp430_4.4.3/lib/</path>
         <kind>archive</kind>
         <file>rts430_eabi.lib</file>
         <name>int12.obj</name>
      </input_file>
      <input_file id="fl-43">
         <path>/home/vens/ti/ccsv6/tools/compiler/ti-cgt-msp430_4.4.3/lib/</path>
         <kind>archive</kind>
         <file>rts430_eabi.lib</file>
         <name>int13.obj</name>
      </input_file>
      <input_file id="fl-44">
         <path>/home/vens/ti/ccsv6/tools/compiler/ti-cgt-msp430_4.4.3/lib/</path>
         <kind>archive</kind>
         <file>rts430_eabi.lib</file>
         <name>int14.obj</name>
      </input_file>
      <input_file id="fl-45">
         <path>/home/vens/ti/ccsv6/tools/compiler/ti-cgt-msp430_4.4.3/lib/</path>
         <kind>archive</kind>
         <file>rts430_eabi.lib</file>
         <name>isr_trap.obj</name>
      </input_file>
      <input_file id="fl-46">
         <path>/home/vens/ti/ccsv6/tools/compiler/ti-cgt-msp430_4.4.3/lib/</path>
         <kind>archive</kind>
         <file>rts430_eabi.lib</file>
         <name>memcpy.obj</name>
      </input_file>
      <input_file id="fl-47">
         <path>/home/vens/ti/ccsv6/tools/compiler/ti-cgt-msp430_4.4.3/lib/</path>
         <kind>archive</kind>
         <file>rts430_eabi.lib</file>
         <name>memory.obj</name>
      </input_file>
      <input_file id="fl-48">
         <path>/home/vens/ti/ccsv6/tools/compiler/ti-cgt-msp430_4.4.3/lib/</path>
         <kind>archive</kind>
         <file>rts430_eabi.lib</file>
         <name>mpu_init.obj</name>
      </input_file>
      <input_file id="fl-49">
         <path>/home/vens/ti/ccsv6/tools/compiler/ti-cgt-msp430_4.4.3/lib/</path>
         <kind>archive</kind>
         <file>rts430_eabi.lib</file>
         <name>mult16.obj</name>
      </input_file>
      <input_file id="fl-4a">
         <path>/home/vens/ti/ccsv6/tools/compiler/ti-cgt-msp430_4.4.3/lib/</path>
         <kind>archive</kind>
         <file>rts430_eabi.lib</file>
         <name>pre_init.obj</name>
      </input_file>
      <input_file id="fl-4b">
         <path>/home/vens/ti/ccsv6/tools/compiler/ti-cgt-msp430_4.4.3/lib/</path>
         <kind>archive</kind>
         <file>rts430_eabi.lib</file>
         <name>typeinfo_.obj</name>
      </input_file>
      <input_file id="fl-4c">
         <path>/home/vens/ti/ccsv6/tools/compiler/ti-cgt-msp430_4.4.3/lib/</path>
         <kind>archive</kind>
         <file>rts430_eabi.lib</file>
         <name>_lock.obj</name>
      </input_file>
      <input_file id="fl-4d">
         <path>/home/vens/ti/ccsv6/tools/compiler/ti-cgt-msp430_4.4.3/lib/</path>
         <kind>archive</kind>
         <file>rts430_eabi.lib</file>
         <name>args_main.obj</name>
      </input_file>
      <input_file id="fl-4e">
         <path>/home/vens/ti/ccsv6/tools/compiler/ti-cgt-msp430_4.4.3/lib/</path>
         <kind>archive</kind>
         <file>rts430_eabi.lib</file>
         <name>autoinit.obj</name>
      </input_file>
      <input_file id="fl-4f">
         <path>/home/vens/Projects/uCube-Code/SlaveLibrary/Debug/</path>
         <kind>archive</kind>
         <file>SlaveLibrary.lib</file>
         <name>SpiDevice.obj</name>
      </input_file>
      <input_file id="fl-50">
         <path>/home/vens/Projects/uCube-Code/SlaveLibrary/Debug/</path>
         <kind>archive</kind>
         <file>SlaveLibrary.lib</file>
         <name>SpiMaster.obj</name>
      </input_file>
      <input_file id="fl-51">
         <path>/home/vens/Projects/uCube-Code/SlaveLibrary/Debug/</path>
         <kind>archive</kind>
         <file>SlaveLibrary.lib</file>
         <name>Spi.obj</name>
      </input_file>
      <input_file id="fl-52">
         <path>/home/vens/Projects/uCube-Code/SlaveLibrary/Debug/</path>
         <kind>archive</kind>
         <file>SlaveLibrary.lib</file>
         <name>Usci.obj</name>
      </input_file>
      <input_file id="fl-53">
         <path>/home/vens/ti/ccsv6/tools/compiler/ti-cgt-msp430_4.4.3/lib/</path>
         <kind>archive</kind>
         <file>rts430_eabi.lib</file>
         <name>pure_virt.obj</name>
      </input_file>
      <input_file id="fl-54">
         <path>/home/vens/ti/ccsv6/tools/compiler/ti-cgt-msp430_4.4.3/lib/</path>
         <kind>archive</kind>
         <file>rts430_eabi.lib</file>
         <name>error.obj</name>
      </input_file>
   </input_file_list>
   <object_component_list>
      <object_component id="oc-87">
         <name>.sysmem</name>
         <uninitialized>true</uninitialized>
         <run_address>0x200</run_address>
         <size>0x4</size>
         <input_file_ref idref="fl-47"/>
      </object_component>
      <object_component id="oc-368">
         <name>.sysmem</name>
         <uninitialized>true</uninitialized>
         <run_address>0x200</run_address>
         <size>0x0</size>
      </object_component>
      <object_component id="oc-83">
         <name>.stack</name>
         <uninitialized>true</uninitialized>
         <run_address>0x3b0</run_address>
         <size>0x2</size>
         <input_file_ref idref="fl-33"/>
      </object_component>
      <object_component id="oc-367">
         <name>.stack</name>
         <uninitialized>true</uninitialized>
         <run_address>0x3b0</run_address>
         <size>0x0</size>
      </object_component>
      <object_component id="oc-163">
         <name>.text:_ZN5ucube3SpiC1ENS_11UsciChannel11UsciChannelENS_13SpiMasterMode13SpiMasterModeENS_7SpiMode7SpiModeENS_14SpiClockSource14SpiClockSourceENS_16SpiDataDirection16SpiDataDirectionENS_15SpiSymbolLength15SpiSymbolLengthENS_12SpiClockMode12SpiClockModeEt</name>
         <load_address>0xc000</load_address>
         <run_address>0xc000</run_address>
         <size>0xd8</size>
         <input_file_ref idref="fl-51"/>
      </object_component>
      <object_component id="oc-2b7">
         <name>.text:free</name>
         <load_address>0xc0d8</load_address>
         <run_address>0xc0d8</run_address>
         <size>0x80</size>
         <input_file_ref idref="fl-47"/>
      </object_component>
      <object_component id="oc-97">
         <name>.text:__TI_decompress_rle_core</name>
         <load_address>0xc158</load_address>
         <run_address>0xc158</run_address>
         <size>0x64</size>
         <input_file_ref idref="fl-36"/>
      </object_component>
      <object_component id="oc-d0">
         <name>.text:main</name>
         <load_address>0xc1bc</load_address>
         <run_address>0xc1bc</run_address>
         <size>0x64</size>
         <input_file_ref idref="fl-3"/>
      </object_component>
      <object_component id="oc-11c">
         <name>.text:_ZN5ucube9SpiMasterC1ENS_11UsciChannel11UsciChannelEtNS_14SpiClockSource14SpiClockSourceENS_12SpiClockMode12SpiClockModeENS_16SpiDataDirection16SpiDataDirectionENS_15SpiSymbolLength15SpiSymbolLengthE</name>
         <load_address>0xc220</load_address>
         <run_address>0xc220</run_address>
         <size>0x58</size>
         <input_file_ref idref="fl-50"/>
      </object_component>
      <object_component id="oc-b6">
         <name>.text:_auto_init</name>
         <load_address>0xc278</load_address>
         <run_address>0xc278</run_address>
         <size>0x58</size>
         <input_file_ref idref="fl-4e"/>
      </object_component>
      <object_component id="oc-1ad">
         <name>.text:_ZN5ucube4Usci16SetUsciResetModeEb</name>
         <load_address>0xc2d0</load_address>
         <run_address>0xc2d0</run_address>
         <size>0x2c</size>
         <input_file_ref idref="fl-52"/>
      </object_component>
      <object_component id="oc-1b9">
         <name>.text:_ZN5ucube4Usci15SetUsciControl1Eh</name>
         <load_address>0xc2fc</load_address>
         <run_address>0xc2fc</run_address>
         <size>0x2a</size>
         <input_file_ref idref="fl-52"/>
      </object_component>
      <object_component id="oc-1d8">
         <name>.text:_ZN5ucube3Spi10OnSerialTxEv</name>
         <load_address>0xc326</load_address>
         <run_address>0xc326</run_address>
         <size>0x28</size>
         <input_file_ref idref="fl-51"/>
      </object_component>
      <object_component id="oc-1bf">
         <name>.text:_ZN5ucube4Usci11SetUsciBaudEt</name>
         <load_address>0xc34e</load_address>
         <run_address>0xc34e</run_address>
         <size>0x24</size>
         <input_file_ref idref="fl-52"/>
      </object_component>
      <object_component id="oc-1a2">
         <name>.text:_ZN5ucube4UsciC1ENS_11UsciChannel11UsciChannelE</name>
         <load_address>0xc372</load_address>
         <run_address>0xc372</run_address>
         <size>0x22</size>
         <input_file_ref idref="fl-52"/>
      </object_component>
      <object_component id="oc-247">
         <name>.text:_ZN5ucube4Usci14SerialReadByteEv</name>
         <load_address>0xc394</load_address>
         <run_address>0xc394</run_address>
         <size>0x1e</size>
         <input_file_ref idref="fl-52"/>
      </object_component>
      <object_component id="oc-5f">
         <name>.text:_c_int00_noargs_noexit</name>
         <load_address>0xc3b2</load_address>
         <run_address>0xc3b2</run_address>
         <size>0x1a</size>
         <input_file_ref idref="fl-34"/>
      </object_component>
      <object_component id="oc-1d2">
         <name>.text:_ZN5ucube3Spi10OnSerialRxEv</name>
         <load_address>0xc3cc</load_address>
         <run_address>0xc3cc</run_address>
         <size>0x18</size>
         <input_file_ref idref="fl-51"/>
      </object_component>
      <object_component id="oc-24e">
         <name>.text:_ZN5ucube4Usci14SerialSendByteEh</name>
         <load_address>0xc3e4</load_address>
         <run_address>0xc3e4</run_address>
         <size>0x18</size>
         <input_file_ref idref="fl-52"/>
      </object_component>
      <object_component id="oc-1b3">
         <name>.text:_ZN5ucube4Usci15SetUsciControl0Eh</name>
         <load_address>0xc3fc</load_address>
         <run_address>0xc3fc</run_address>
         <size>0x18</size>
         <input_file_ref idref="fl-52"/>
      </object_component>
      <object_component id="oc-292">
         <name>.text:_ZN5ucube4UsciD1Ev</name>
         <load_address>0xc414</load_address>
         <run_address>0xc414</run_address>
         <size>0x18</size>
         <input_file_ref idref="fl-52"/>
      </object_component>
      <object_component id="oc-20f">
         <name>.text:_ZN3TlcD0Ev</name>
         <load_address>0xc42c</load_address>
         <run_address>0xc42c</run_address>
         <size>0x16</size>
         <input_file_ref idref="fl-2"/>
      </object_component>
      <object_component id="oc-22c">
         <name>.text:_ZN5ucube3SpiD0Ev</name>
         <load_address>0xc442</load_address>
         <run_address>0xc442</run_address>
         <size>0x16</size>
         <input_file_ref idref="fl-51"/>
      </object_component>
      <object_component id="oc-1e4">
         <name>.text:_ZN5ucube9SpiMasterD0Ev</name>
         <load_address>0xc458</load_address>
         <run_address>0xc458</run_address>
         <size>0x16</size>
         <input_file_ref idref="fl-50"/>
      </object_component>
      <object_component id="oc-122">
         <name>.text:_ZN3TlcC1EPN5ucube9SpiMasterE</name>
         <load_address>0xc46e</load_address>
         <run_address>0xc46e</run_address>
         <size>0x14</size>
         <input_file_ref idref="fl-2"/>
      </object_component>
      <object_component id="oc-41">
         <name>.text:decompress:ZI:__TI_zero_init</name>
         <load_address>0xc482</load_address>
         <run_address>0xc482</run_address>
         <size>0x14</size>
         <input_file_ref idref="fl-37"/>
      </object_component>
      <object_component id="oc-2b">
         <name>.text:decompress:none:__TI_decompress_none</name>
         <load_address>0xc496</load_address>
         <run_address>0xc496</run_address>
         <size>0x12</size>
         <input_file_ref idref="fl-35"/>
      </object_component>
      <object_component id="oc-8a">
         <name>.text:memcpy</name>
         <load_address>0xc4a8</load_address>
         <run_address>0xc4a8</run_address>
         <size>0x12</size>
         <input_file_ref idref="fl-46"/>
      </object_component>
      <object_component id="oc-fd">
         <name>.text</name>
         <load_address>0xc4ba</load_address>
         <run_address>0xc4ba</run_address>
         <size>0x10</size>
         <input_file_ref idref="fl-39"/>
      </object_component>
      <object_component id="oc-209">
         <name>.text:_ZN3TlcD1Ev</name>
         <load_address>0xc4ca</load_address>
         <run_address>0xc4ca</run_address>
         <size>0xe</size>
         <input_file_ref idref="fl-2"/>
      </object_component>
      <object_component id="oc-226">
         <name>.text:_ZN5ucube3SpiD1Ev</name>
         <load_address>0xc4d8</load_address>
         <run_address>0xc4d8</run_address>
         <size>0xe</size>
         <input_file_ref idref="fl-51"/>
      </object_component>
      <object_component id="oc-1de">
         <name>.text:_ZN5ucube9SpiMasterD1Ev</name>
         <load_address>0xc4e6</load_address>
         <run_address>0xc4e6</run_address>
         <size>0xe</size>
         <input_file_ref idref="fl-50"/>
      </object_component>
      <object_component id="oc-180">
         <name>.text:_ZN5ucube9SpiDeviceC1EPNS_9SpiMasterE</name>
         <load_address>0xc4f4</load_address>
         <run_address>0xc4f4</run_address>
         <size>0xc</size>
         <input_file_ref idref="fl-4f"/>
      </object_component>
      <object_component id="oc-310">
         <name>.text:_ZN10__cxxabiv117__class_type_infoD0Ev</name>
         <load_address>0xc500</load_address>
         <run_address>0xc500</run_address>
         <size>0xa</size>
         <input_file_ref idref="fl-4b"/>
      </object_component>
      <object_component id="oc-2d7">
         <name>.text:_ZN10__cxxabiv120__si_class_type_infoD0Ev</name>
         <load_address>0xc50a</load_address>
         <run_address>0xc50a</run_address>
         <size>0xa</size>
         <input_file_ref idref="fl-4b"/>
      </object_component>
      <object_component id="oc-2ad">
         <name>.text:_ZN10__cxxabiv121__vmi_class_type_infoD0Ev</name>
         <load_address>0xc514</load_address>
         <run_address>0xc514</run_address>
         <size>0xa</size>
         <input_file_ref idref="fl-4b"/>
      </object_component>
      <object_component id="oc-26d">
         <name>.text:_ZN5ucube9SpiDeviceD0Ev</name>
         <load_address>0xc51e</load_address>
         <run_address>0xc51e</run_address>
         <size>0xa</size>
         <input_file_ref idref="fl-4f"/>
      </object_component>
      <object_component id="oc-256">
         <name>.text:_ZdlPv</name>
         <load_address>0xc528</load_address>
         <run_address>0xc528</run_address>
         <size>0xa</size>
         <input_file_ref idref="fl-38"/>
      </object_component>
      <object_component id="oc-231">
         <name>.text:__cxa_pure_virtual</name>
         <load_address>0xc532</load_address>
         <run_address>0xc532</run_address>
         <size>0x8</size>
         <input_file_ref idref="fl-53"/>
      </object_component>
      <object_component id="oc-a4">
         <name>.text:_isr:__TI_ISR_TRAP</name>
         <load_address>0xc53a</load_address>
         <run_address>0xc53a</run_address>
         <size>0x6</size>
         <input_file_ref idref="fl-45"/>
      </object_component>
      <object_component id="oc-31">
         <name>.text:decompress:rle24:__TI_decompress_rle24</name>
         <load_address>0xc540</load_address>
         <run_address>0xc540</run_address>
         <size>0x6</size>
         <input_file_ref idref="fl-36"/>
      </object_component>
      <object_component id="oc-1e9">
         <name>.text:_ZN5ucube9SpiMaster10OnSendByteEPh</name>
         <load_address>0xc546</load_address>
         <run_address>0xc546</run_address>
         <size>0x4</size>
         <input_file_ref idref="fl-50"/>
      </object_component>
      <object_component id="oc-29b">
         <name>.text:__abort_execution</name>
         <load_address>0xc54a</load_address>
         <run_address>0xc54a</run_address>
         <size>0x4</size>
         <input_file_ref idref="fl-54"/>
      </object_component>
      <object_component id="oc-b0">
         <name>.text:_system_pre_init</name>
         <load_address>0xc54e</load_address>
         <run_address>0xc54e</run_address>
         <size>0x4</size>
         <input_file_ref idref="fl-4a"/>
      </object_component>
      <object_component id="oc-d8">
         <name>.text:abort</name>
         <load_address>0xc552</load_address>
         <run_address>0xc552</run_address>
         <size>0x4</size>
         <input_file_ref idref="fl-3a"/>
      </object_component>
      <object_component id="oc-30a">
         <name>.text:_ZN10__cxxabiv117__class_type_infoD1Ev</name>
         <load_address>0xc556</load_address>
         <run_address>0xc556</run_address>
         <size>0x2</size>
         <input_file_ref idref="fl-4b"/>
      </object_component>
      <object_component id="oc-2d1">
         <name>.text:_ZN10__cxxabiv120__si_class_type_infoD1Ev</name>
         <load_address>0xc558</load_address>
         <run_address>0xc558</run_address>
         <size>0x2</size>
         <input_file_ref idref="fl-4b"/>
      </object_component>
      <object_component id="oc-2a7">
         <name>.text:_ZN10__cxxabiv121__vmi_class_type_infoD1Ev</name>
         <load_address>0xc55a</load_address>
         <run_address>0xc55a</run_address>
         <size>0x2</size>
         <input_file_ref idref="fl-4b"/>
      </object_component>
      <object_component id="oc-267">
         <name>.text:_ZN5ucube9SpiDeviceD1Ev</name>
         <load_address>0xc55c</load_address>
         <run_address>0xc55c</run_address>
         <size>0x2</size>
         <input_file_ref idref="fl-4f"/>
      </object_component>
      <object_component id="oc-1ef">
         <name>.text:_ZN5ucube9SpiMaster13OnRecieveByteEh</name>
         <load_address>0xc55e</load_address>
         <run_address>0xc55e</run_address>
         <size>0x2</size>
         <input_file_ref idref="fl-50"/>
      </object_component>
      <object_component id="oc-151">
         <name>.text:_nop</name>
         <load_address>0xc560</load_address>
         <run_address>0xc560</run_address>
         <size>0x2</size>
         <input_file_ref idref="fl-4c"/>
      </object_component>
      <object_component id="oc-366">
         <name>.cinit..data.load</name>
         <load_address>0xc6b8</load_address>
         <run_address>0xc6b8</run_address>
         <size>0xc</size>
      </object_component>
      <object_component id="oc-363">
         <name>__TI_handler_table</name>
         <load_address>0xc6c4</load_address>
         <run_address>0xc6c4</run_address>
         <size>0x6</size>
      </object_component>
      <object_component id="oc-365">
         <name>.cinit..bss.load</name>
         <load_address>0xc6ca</load_address>
         <run_address>0xc6ca</run_address>
         <size>0x4</size>
      </object_component>
      <object_component id="oc-364">
         <name>__TI_cinit_table</name>
         <load_address>0xc6ce</load_address>
         <run_address>0xc6ce</run_address>
         <size>0x8</size>
      </object_component>
      <object_component id="oc-2e8">
         <name>.const:.typeinfo:_ZTSN10__cxxabiv121__vmi_class_type_infoE</name>
         <load_address>0xc562</load_address>
         <run_address>0xc562</run_address>
         <size>0x26</size>
         <input_file_ref idref="fl-4b"/>
      </object_component>
      <object_component id="oc-315">
         <name>.const:.typeinfo:_ZTSN10__cxxabiv120__si_class_type_infoE</name>
         <load_address>0xc588</load_address>
         <run_address>0xc588</run_address>
         <size>0x25</size>
         <input_file_ref idref="fl-4b"/>
      </object_component>
      <object_component id="oc-31d">
         <name>.const:.typeinfo:_ZTSN10__cxxabiv117__class_type_infoE</name>
         <load_address>0xc5ae</load_address>
         <run_address>0xc5ae</run_address>
         <size>0x22</size>
         <input_file_ref idref="fl-4b"/>
      </object_component>
      <object_component id="oc-2c4">
         <name>.const:.typeinfo:_ZTSN5ucube9SpiDeviceE</name>
         <load_address>0xc5d0</load_address>
         <run_address>0xc5d0</run_address>
         <size>0x13</size>
         <input_file_ref idref="fl-4f"/>
      </object_component>
      <object_component id="oc-242">
         <name>.const:.typeinfo:_ZTSN5ucube9SpiMasterE</name>
         <load_address>0xc5e4</load_address>
         <run_address>0xc5e4</run_address>
         <size>0x13</size>
         <input_file_ref idref="fl-50"/>
      </object_component>
      <object_component id="oc-1a8">
         <name>.const:_ZTVN5ucube3SpiE</name>
         <load_address>0xc5f8</load_address>
         <run_address>0xc5f8</run_address>
         <size>0x10</size>
         <input_file_ref idref="fl-51"/>
      </object_component>
      <object_component id="oc-169">
         <name>.const:_ZTVN5ucube9SpiMasterE</name>
         <load_address>0xc608</load_address>
         <run_address>0xc608</run_address>
         <size>0x10</size>
         <input_file_ref idref="fl-50"/>
      </object_component>
      <object_component id="oc-221">
         <name>.const:.typeinfo:_ZTIN5ucube3SpiE</name>
         <load_address>0xc618</load_address>
         <run_address>0xc618</run_address>
         <size>0xe</size>
         <input_file_ref idref="fl-51"/>
      </object_component>
      <object_component id="oc-1cd">
         <name>.const:.typeinfo:_ZTIN5ucube9SpiMasterE</name>
         <load_address>0xc626</load_address>
         <run_address>0xc626</run_address>
         <size>0xe</size>
         <input_file_ref idref="fl-50"/>
      </object_component>
      <object_component id="oc-2dc">
         <name>.const:.typeinfo:_ZTSN5ucube4UsciE</name>
         <load_address>0xc634</load_address>
         <run_address>0xc634</run_address>
         <size>0xe</size>
         <input_file_ref idref="fl-51"/>
      </object_component>
      <object_component id="oc-28d">
         <name>.const:.typeinfo:_ZTSN5ucube3SpiE</name>
         <load_address>0xc642</load_address>
         <run_address>0xc642</run_address>
         <size>0xd</size>
         <input_file_ref idref="fl-51"/>
      </object_component>
      <object_component id="oc-32a">
         <name>.const:.typeinfo:_ZTSSt9type_info</name>
         <load_address>0xc650</load_address>
         <run_address>0xc650</run_address>
         <size>0xd</size>
         <input_file_ref idref="fl-4b"/>
      </object_component>
      <object_component id="oc-186">
         <name>.const:_ZTV3Tlc</name>
         <load_address>0xc65e</load_address>
         <run_address>0xc65e</run_address>
         <size>0x8</size>
         <input_file_ref idref="fl-2"/>
      </object_component>
      <object_component id="oc-2bf">
         <name>.const:_ZTVN10__cxxabiv117__class_type_infoE</name>
         <load_address>0xc666</load_address>
         <run_address>0xc666</run_address>
         <size>0x8</size>
         <input_file_ref idref="fl-4b"/>
      </object_component>
      <object_component id="oc-272">
         <name>.const:_ZTVN10__cxxabiv120__si_class_type_infoE</name>
         <load_address>0xc66e</load_address>
         <run_address>0xc66e</run_address>
         <size>0x8</size>
         <input_file_ref idref="fl-4b"/>
      </object_component>
      <object_component id="oc-23d">
         <name>.const:_ZTVN10__cxxabiv121__vmi_class_type_infoE</name>
         <load_address>0xc676</load_address>
         <run_address>0xc676</run_address>
         <size>0x8</size>
         <input_file_ref idref="fl-4b"/>
      </object_component>
      <object_component id="oc-216">
         <name>.const:_ZTVN5ucube4UsciE</name>
         <load_address>0xc67e</load_address>
         <run_address>0xc67e</run_address>
         <size>0x8</size>
         <input_file_ref idref="fl-52"/>
      </object_component>
      <object_component id="oc-1f9">
         <name>.const:_ZTVN5ucube9SpiDeviceE</name>
         <load_address>0xc686</load_address>
         <run_address>0xc686</run_address>
         <size>0x8</size>
         <input_file_ref idref="fl-4f"/>
      </object_component>
      <object_component id="oc-204">
         <name>.const:.typeinfo:_ZTI3Tlc</name>
         <load_address>0xc68e</load_address>
         <run_address>0xc68e</run_address>
         <size>0x6</size>
         <input_file_ref idref="fl-2"/>
      </object_component>
      <object_component id="oc-2ed">
         <name>.const:.typeinfo:_ZTIN10__cxxabiv117__class_type_infoE</name>
         <load_address>0xc694</load_address>
         <run_address>0xc694</run_address>
         <size>0x6</size>
         <input_file_ref idref="fl-4b"/>
      </object_component>
      <object_component id="oc-2cc">
         <name>.const:.typeinfo:_ZTIN10__cxxabiv120__si_class_type_infoE</name>
         <load_address>0xc69a</load_address>
         <run_address>0xc69a</run_address>
         <size>0x6</size>
         <input_file_ref idref="fl-4b"/>
      </object_component>
      <object_component id="oc-2a2">
         <name>.const:.typeinfo:_ZTIN10__cxxabiv121__vmi_class_type_infoE</name>
         <load_address>0xc6a0</load_address>
         <run_address>0xc6a0</run_address>
         <size>0x6</size>
         <input_file_ref idref="fl-4b"/>
      </object_component>
      <object_component id="oc-277">
         <name>.const:.typeinfo:_ZTS3Tlc</name>
         <load_address>0xc6a6</load_address>
         <run_address>0xc6a6</run_address>
         <size>0x5</size>
         <input_file_ref idref="fl-2"/>
      </object_component>
      <object_component id="oc-27f">
         <name>.const:.typeinfo:_ZTIN5ucube4UsciE</name>
         <load_address>0xc6ac</load_address>
         <run_address>0xc6ac</run_address>
         <size>0x4</size>
         <input_file_ref idref="fl-51"/>
      </object_component>
      <object_component id="oc-262">
         <name>.const:.typeinfo:_ZTIN5ucube9SpiDeviceE</name>
         <load_address>0xc6b0</load_address>
         <run_address>0xc6b0</run_address>
         <size>0x4</size>
         <input_file_ref idref="fl-4f"/>
      </object_component>
      <object_component id="oc-322">
         <name>.const:.typeinfo:_ZTISt9type_info</name>
         <load_address>0xc6b4</load_address>
         <run_address>0xc6b4</run_address>
         <size>0x4</size>
         <input_file_ref idref="fl-4b"/>
      </object_component>
      <object_component id="oc-37">
         <name>.int02</name>
         <load_address>0xffe4</load_address>
         <run_address>0xffe4</run_address>
         <size>0x2</size>
         <input_file_ref idref="fl-3b"/>
      </object_component>
      <object_component id="oc-38">
         <name>.int03</name>
         <load_address>0xffe6</load_address>
         <run_address>0xffe6</run_address>
         <size>0x2</size>
         <input_file_ref idref="fl-3c"/>
      </object_component>
      <object_component id="oc-39">
         <name>.int05</name>
         <load_address>0xffea</load_address>
         <run_address>0xffea</run_address>
         <size>0x2</size>
         <input_file_ref idref="fl-3d"/>
      </object_component>
      <object_component id="oc-3a">
         <name>.int08</name>
         <load_address>0xfff0</load_address>
         <run_address>0xfff0</run_address>
         <size>0x2</size>
         <input_file_ref idref="fl-3e"/>
      </object_component>
      <object_component id="oc-3b">
         <name>.int09</name>
         <load_address>0xfff2</load_address>
         <run_address>0xfff2</run_address>
         <size>0x2</size>
         <input_file_ref idref="fl-3f"/>
      </object_component>
      <object_component id="oc-3c">
         <name>.int10</name>
         <load_address>0xfff4</load_address>
         <run_address>0xfff4</run_address>
         <size>0x2</size>
         <input_file_ref idref="fl-40"/>
      </object_component>
      <object_component id="oc-3d">
         <name>.int11</name>
         <load_address>0xfff6</load_address>
         <run_address>0xfff6</run_address>
         <size>0x2</size>
         <input_file_ref idref="fl-41"/>
      </object_component>
      <object_component id="oc-3e">
         <name>.int12</name>
         <load_address>0xfff8</load_address>
         <run_address>0xfff8</run_address>
         <size>0x2</size>
         <input_file_ref idref="fl-42"/>
      </object_component>
      <object_component id="oc-3f">
         <name>.int13</name>
         <load_address>0xfffa</load_address>
         <run_address>0xfffa</run_address>
         <size>0x2</size>
         <input_file_ref idref="fl-43"/>
      </object_component>
      <object_component id="oc-40">
         <name>.int14</name>
         <load_address>0xfffc</load_address>
         <run_address>0xfffc</run_address>
         <size>0x2</size>
         <input_file_ref idref="fl-44"/>
      </object_component>
      <object_component id="oc-86">
         <name>.reset</name>
         <load_address>0xfffe</load_address>
         <run_address>0xfffe</run_address>
         <size>0x2</size>
         <input_file_ref idref="fl-33"/>
      </object_component>
      <object_component id="oc-306">
         <name>.common:sys_free</name>
         <uninitialized>true</uninitialized>
         <run_address>0x258</run_address>
         <size>0x2</size>
      </object_component>
      <object_component id="oc-10d">
         <name>.data:_lock</name>
         <load_address>0x254</load_address>
         <run_address>0x254</run_address>
         <size>0x2</size>
         <input_file_ref idref="fl-4c"/>
      </object_component>
      <object_component id="oc-116">
         <name>.data:_unlock</name>
         <load_address>0x256</load_address>
         <run_address>0x256</run_address>
         <size>0x2</size>
         <input_file_ref idref="fl-4c"/>
      </object_component>
      <object_component id="oc-21b">
         <name>.data</name>
         <load_address>0x250</load_address>
         <run_address>0x250</run_address>
         <size>0x4</size>
         <input_file_ref idref="fl-52"/>
      </object_component>
      <object_component id="oc-18c">
         <name>.debug_info</name>
         <load_address>0x0</load_address>
         <run_address>0x0</run_address>
         <size>0x8d7</size>
         <input_file_ref idref="fl-2"/>
      </object_component>
      <object_component id="oc-187">
         <name>.debug_info</name>
         <load_address>0x8d7</load_address>
         <run_address>0x8d7</run_address>
         <size>0xe8</size>
         <input_file_ref idref="fl-2"/>
      </object_component>
      <object_component id="oc-205">
         <name>.debug_info</name>
         <load_address>0x9bf</load_address>
         <run_address>0x9bf</run_address>
         <size>0xda</size>
         <input_file_ref idref="fl-2"/>
      </object_component>
      <object_component id="oc-278">
         <name>.debug_info</name>
         <load_address>0xa99</load_address>
         <run_address>0xa99</run_address>
         <size>0xdf</size>
         <input_file_ref idref="fl-2"/>
      </object_component>
      <object_component id="oc-123">
         <name>.debug_info</name>
         <load_address>0xb78</load_address>
         <run_address>0xb78</run_address>
         <size>0x17c</size>
         <input_file_ref idref="fl-2"/>
      </object_component>
      <object_component id="oc-20a">
         <name>.debug_info</name>
         <load_address>0xcf4</load_address>
         <run_address>0xcf4</run_address>
         <size>0x140</size>
         <input_file_ref idref="fl-2"/>
      </object_component>
      <object_component id="oc-210">
         <name>.debug_info</name>
         <load_address>0xe34</load_address>
         <run_address>0xe34</run_address>
         <size>0x121</size>
         <input_file_ref idref="fl-2"/>
      </object_component>
      <object_component id="oc-18e">
         <name>.debug_info</name>
         <load_address>0xf55</load_address>
         <run_address>0xf55</run_address>
         <size>0x277</size>
         <input_file_ref idref="fl-2"/>
      </object_component>
      <object_component id="oc-193">
         <name>.debug_info</name>
         <load_address>0x11cc</load_address>
         <run_address>0x11cc</run_address>
         <size>0xa7</size>
         <input_file_ref idref="fl-2"/>
      </object_component>
      <object_component id="oc-12e">
         <name>.debug_info</name>
         <load_address>0x1273</load_address>
         <run_address>0x1273</run_address>
         <size>0x10a</size>
         <input_file_ref idref="fl-2"/>
      </object_component>
      <object_component id="oc-133">
         <name>.debug_info</name>
         <load_address>0x137d</load_address>
         <run_address>0x137d</run_address>
         <size>0x11a</size>
         <input_file_ref idref="fl-2"/>
      </object_component>
      <object_component id="oc-176">
         <name>.debug_info</name>
         <load_address>0x1497</load_address>
         <run_address>0x1497</run_address>
         <size>0x199</size>
         <input_file_ref idref="fl-2"/>
      </object_component>
      <object_component id="oc-129">
         <name>.debug_info</name>
         <load_address>0x1630</load_address>
         <run_address>0x1630</run_address>
         <size>0x8b</size>
         <input_file_ref idref="fl-2"/>
      </object_component>
      <object_component id="oc-d1">
         <name>.debug_info</name>
         <load_address>0x16bb</load_address>
         <run_address>0x16bb</run_address>
         <size>0x21e</size>
         <input_file_ref idref="fl-3"/>
      </object_component>
      <object_component id="oc-84">
         <name>.debug_info</name>
         <load_address>0x18d9</load_address>
         <run_address>0x18d9</run_address>
         <size>0xd8</size>
         <input_file_ref idref="fl-33"/>
      </object_component>
      <object_component id="oc-e6">
         <name>.debug_info</name>
         <load_address>0x19b1</load_address>
         <run_address>0x19b1</run_address>
         <size>0x84</size>
         <input_file_ref idref="fl-33"/>
      </object_component>
      <object_component id="oc-60">
         <name>.debug_info</name>
         <load_address>0x1a35</load_address>
         <run_address>0x1a35</run_address>
         <size>0x179</size>
         <input_file_ref idref="fl-34"/>
      </object_component>
      <object_component id="oc-96">
         <name>.debug_info</name>
         <load_address>0x1bae</load_address>
         <run_address>0x1bae</run_address>
         <size>0x195</size>
         <input_file_ref idref="fl-35"/>
      </object_component>
      <object_component id="oc-2c">
         <name>.debug_info</name>
         <load_address>0x1d43</load_address>
         <run_address>0x1d43</run_address>
         <size>0x1c2</size>
         <input_file_ref idref="fl-35"/>
      </object_component>
      <object_component id="oc-91">
         <name>.debug_info</name>
         <load_address>0x1f05</load_address>
         <run_address>0x1f05</run_address>
         <size>0x46</size>
         <input_file_ref idref="fl-35"/>
      </object_component>
      <object_component id="oc-f6">
         <name>.debug_info</name>
         <load_address>0x1f4b</load_address>
         <run_address>0x1f4b</run_address>
         <size>0x2c</size>
         <input_file_ref idref="fl-35"/>
      </object_component>
      <object_component id="oc-9e">
         <name>.debug_info</name>
         <load_address>0x1f77</load_address>
         <run_address>0x1f77</run_address>
         <size>0x157</size>
         <input_file_ref idref="fl-36"/>
      </object_component>
      <object_component id="oc-98">
         <name>.debug_info</name>
         <load_address>0x20ce</load_address>
         <run_address>0x20ce</run_address>
         <size>0x21d</size>
         <input_file_ref idref="fl-36"/>
      </object_component>
      <object_component id="oc-32">
         <name>.debug_info</name>
         <load_address>0x22eb</load_address>
         <run_address>0x22eb</run_address>
         <size>0x194</size>
         <input_file_ref idref="fl-36"/>
      </object_component>
      <object_component id="oc-9f">
         <name>.debug_info</name>
         <load_address>0x247f</load_address>
         <run_address>0x247f</run_address>
         <size>0x39</size>
         <input_file_ref idref="fl-36"/>
      </object_component>
      <object_component id="oc-af">
         <name>.debug_info</name>
         <load_address>0x24b8</load_address>
         <run_address>0x24b8</run_address>
         <size>0x14d</size>
         <input_file_ref idref="fl-37"/>
      </object_component>
      <object_component id="oc-42">
         <name>.debug_info</name>
         <load_address>0x2605</load_address>
         <run_address>0x2605</run_address>
         <size>0x198</size>
         <input_file_ref idref="fl-37"/>
      </object_component>
      <object_component id="oc-aa">
         <name>.debug_info</name>
         <load_address>0x279d</load_address>
         <run_address>0x279d</run_address>
         <size>0x46</size>
         <input_file_ref idref="fl-37"/>
      </object_component>
      <object_component id="oc-f1">
         <name>.debug_info</name>
         <load_address>0x27e3</load_address>
         <run_address>0x27e3</run_address>
         <size>0x2c</size>
         <input_file_ref idref="fl-37"/>
      </object_component>
      <object_component id="oc-2be">
         <name>.debug_info</name>
         <load_address>0x280f</load_address>
         <run_address>0x280f</run_address>
         <size>0x151</size>
         <input_file_ref idref="fl-38"/>
      </object_component>
      <object_component id="oc-257">
         <name>.debug_info</name>
         <load_address>0x2960</load_address>
         <run_address>0x2960</run_address>
         <size>0x147</size>
         <input_file_ref idref="fl-38"/>
      </object_component>
      <object_component id="oc-fe">
         <name>.debug_info</name>
         <load_address>0x2aa7</load_address>
         <run_address>0x2aa7</run_address>
         <size>0x10d</size>
         <input_file_ref idref="fl-39"/>
      </object_component>
      <object_component id="oc-d9">
         <name>.debug_info</name>
         <load_address>0x2bb4</load_address>
         <run_address>0x2bb4</run_address>
         <size>0xfa</size>
         <input_file_ref idref="fl-3a"/>
      </object_component>
      <object_component id="oc-a5">
         <name>.debug_info</name>
         <load_address>0x2cae</load_address>
         <run_address>0x2cae</run_address>
         <size>0xee</size>
         <input_file_ref idref="fl-45"/>
      </object_component>
      <object_component id="oc-f0">
         <name>.debug_info</name>
         <load_address>0x2d9c</load_address>
         <run_address>0x2d9c</run_address>
         <size>0x150</size>
         <input_file_ref idref="fl-46"/>
      </object_component>
      <object_component id="oc-8b">
         <name>.debug_info</name>
         <load_address>0x2eec</load_address>
         <run_address>0x2eec</run_address>
         <size>0x174</size>
         <input_file_ref idref="fl-46"/>
      </object_component>
      <object_component id="oc-ed">
         <name>.debug_info</name>
         <load_address>0x3060</load_address>
         <run_address>0x3060</run_address>
         <size>0x273</size>
         <input_file_ref idref="fl-47"/>
      </object_component>
      <object_component id="oc-88">
         <name>.debug_info</name>
         <load_address>0x32d3</load_address>
         <run_address>0x32d3</run_address>
         <size>0xe4</size>
         <input_file_ref idref="fl-47"/>
      </object_component>
      <object_component id="oc-2b8">
         <name>.debug_info</name>
         <load_address>0x33b7</load_address>
         <run_address>0x33b7</run_address>
         <size>0x183</size>
         <input_file_ref idref="fl-47"/>
      </object_component>
      <object_component id="oc-198">
         <name>.debug_info</name>
         <load_address>0x353a</load_address>
         <run_address>0x353a</run_address>
         <size>0x2c</size>
         <input_file_ref idref="fl-47"/>
      </object_component>
      <object_component id="oc-13b">
         <name>.debug_info</name>
         <load_address>0x3566</load_address>
         <run_address>0x3566</run_address>
         <size>0x6f</size>
         <input_file_ref idref="fl-47"/>
      </object_component>
      <object_component id="oc-b1">
         <name>.debug_info</name>
         <load_address>0x35d5</load_address>
         <run_address>0x35d5</run_address>
         <size>0x12b</size>
         <input_file_ref idref="fl-4a"/>
      </object_component>
      <object_component id="oc-2b2">
         <name>.debug_info</name>
         <load_address>0x3700</load_address>
         <run_address>0x3700</run_address>
         <size>0x6d2</size>
         <input_file_ref idref="fl-4b"/>
      </object_component>
      <object_component id="oc-2c0">
         <name>.debug_info</name>
         <load_address>0x3dd2</load_address>
         <run_address>0x3dd2</run_address>
         <size>0x130</size>
         <input_file_ref idref="fl-4b"/>
      </object_component>
      <object_component id="oc-273">
         <name>.debug_info</name>
         <load_address>0x3f02</load_address>
         <run_address>0x3f02</run_address>
         <size>0x136</size>
         <input_file_ref idref="fl-4b"/>
      </object_component>
      <object_component id="oc-23e">
         <name>.debug_info</name>
         <load_address>0x4038</load_address>
         <run_address>0x4038</run_address>
         <size>0x138</size>
         <input_file_ref idref="fl-4b"/>
      </object_component>
      <object_component id="oc-323">
         <name>.debug_info</name>
         <load_address>0x4170</load_address>
         <run_address>0x4170</run_address>
         <size>0xfe</size>
         <input_file_ref idref="fl-4b"/>
      </object_component>
      <object_component id="oc-2ee">
         <name>.debug_info</name>
         <load_address>0x426e</load_address>
         <run_address>0x426e</run_address>
         <size>0x122</size>
         <input_file_ref idref="fl-4b"/>
      </object_component>
      <object_component id="oc-2cd">
         <name>.debug_info</name>
         <load_address>0x4390</load_address>
         <run_address>0x4390</run_address>
         <size>0x128</size>
         <input_file_ref idref="fl-4b"/>
      </object_component>
      <object_component id="oc-2a3">
         <name>.debug_info</name>
         <load_address>0x44b8</load_address>
         <run_address>0x44b8</run_address>
         <size>0x12a</size>
         <input_file_ref idref="fl-4b"/>
      </object_component>
      <object_component id="oc-32b">
         <name>.debug_info</name>
         <load_address>0x45e2</load_address>
         <run_address>0x45e2</run_address>
         <size>0x103</size>
         <input_file_ref idref="fl-4b"/>
      </object_component>
      <object_component id="oc-31e">
         <name>.debug_info</name>
         <load_address>0x46e5</load_address>
         <run_address>0x46e5</run_address>
         <size>0x127</size>
         <input_file_ref idref="fl-4b"/>
      </object_component>
      <object_component id="oc-316">
         <name>.debug_info</name>
         <load_address>0x480c</load_address>
         <run_address>0x480c</run_address>
         <size>0x12d</size>
         <input_file_ref idref="fl-4b"/>
      </object_component>
      <object_component id="oc-2e9">
         <name>.debug_info</name>
         <load_address>0x4939</load_address>
         <run_address>0x4939</run_address>
         <size>0x12f</size>
         <input_file_ref idref="fl-4b"/>
      </object_component>
      <object_component id="oc-2a8">
         <name>.debug_info</name>
         <load_address>0x4a68</load_address>
         <run_address>0x4a68</run_address>
         <size>0x167</size>
         <input_file_ref idref="fl-4b"/>
      </object_component>
      <object_component id="oc-2ae">
         <name>.debug_info</name>
         <load_address>0x4bcf</load_address>
         <run_address>0x4bcf</run_address>
         <size>0x15d</size>
         <input_file_ref idref="fl-4b"/>
      </object_component>
      <object_component id="oc-2d2">
         <name>.debug_info</name>
         <load_address>0x4d2c</load_address>
         <run_address>0x4d2c</run_address>
         <size>0x165</size>
         <input_file_ref idref="fl-4b"/>
      </object_component>
      <object_component id="oc-2d8">
         <name>.debug_info</name>
         <load_address>0x4e91</load_address>
         <run_address>0x4e91</run_address>
         <size>0x15b</size>
         <input_file_ref idref="fl-4b"/>
      </object_component>
      <object_component id="oc-30b">
         <name>.debug_info</name>
         <load_address>0x4fec</load_address>
         <run_address>0x4fec</run_address>
         <size>0x15f</size>
         <input_file_ref idref="fl-4b"/>
      </object_component>
      <object_component id="oc-311">
         <name>.debug_info</name>
         <load_address>0x514b</load_address>
         <run_address>0x514b</run_address>
         <size>0x155</size>
         <input_file_ref idref="fl-4b"/>
      </object_component>
      <object_component id="oc-2f3">
         <name>.debug_info</name>
         <load_address>0x52a0</load_address>
         <run_address>0x52a0</run_address>
         <size>0x582</size>
         <input_file_ref idref="fl-4b"/>
      </object_component>
      <object_component id="oc-2fc">
         <name>.debug_info</name>
         <load_address>0x5822</load_address>
         <run_address>0x5822</run_address>
         <size>0x2c</size>
         <input_file_ref idref="fl-4b"/>
      </object_component>
      <object_component id="oc-301">
         <name>.debug_info</name>
         <load_address>0x584e</load_address>
         <run_address>0x584e</run_address>
         <size>0xec</size>
         <input_file_ref idref="fl-4b"/>
      </object_component>
      <object_component id="oc-159">
         <name>.debug_info</name>
         <load_address>0x593a</load_address>
         <run_address>0x593a</run_address>
         <size>0x13b</size>
         <input_file_ref idref="fl-4c"/>
      </object_component>
      <object_component id="oc-10e">
         <name>.debug_info</name>
         <load_address>0x5a75</load_address>
         <run_address>0x5a75</run_address>
         <size>0xd7</size>
         <input_file_ref idref="fl-4c"/>
      </object_component>
      <object_component id="oc-117">
         <name>.debug_info</name>
         <load_address>0x5b4c</load_address>
         <run_address>0x5b4c</run_address>
         <size>0xdb</size>
         <input_file_ref idref="fl-4c"/>
      </object_component>
      <object_component id="oc-152">
         <name>.debug_info</name>
         <load_address>0x5c27</load_address>
         <run_address>0x5c27</run_address>
         <size>0x106</size>
         <input_file_ref idref="fl-4c"/>
      </object_component>
      <object_component id="oc-10a">
         <name>.debug_info</name>
         <load_address>0x5d2d</load_address>
         <run_address>0x5d2d</run_address>
         <size>0x2cc</size>
         <input_file_ref idref="fl-4e"/>
      </object_component>
      <object_component id="oc-b7">
         <name>.debug_info</name>
         <load_address>0x5ff9</load_address>
         <run_address>0x5ff9</run_address>
         <size>0x17e</size>
         <input_file_ref idref="fl-4e"/>
      </object_component>
      <object_component id="oc-145">
         <name>.debug_info</name>
         <load_address>0x6177</load_address>
         <run_address>0x6177</run_address>
         <size>0x39</size>
         <input_file_ref idref="fl-4e"/>
      </object_component>
      <object_component id="oc-1f5">
         <name>.debug_info</name>
         <load_address>0x61b0</load_address>
         <run_address>0x61b0</run_address>
         <size>0x700</size>
         <input_file_ref idref="fl-4f"/>
      </object_component>
      <object_component id="oc-1fa">
         <name>.debug_info</name>
         <load_address>0x68b0</load_address>
         <run_address>0x68b0</run_address>
         <size>0x103</size>
         <input_file_ref idref="fl-4f"/>
      </object_component>
      <object_component id="oc-263">
         <name>.debug_info</name>
         <load_address>0x69b3</load_address>
         <run_address>0x69b3</run_address>
         <size>0xf5</size>
         <input_file_ref idref="fl-4f"/>
      </object_component>
      <object_component id="oc-2c5">
         <name>.debug_info</name>
         <load_address>0x6aa8</load_address>
         <run_address>0x6aa8</run_address>
         <size>0xfa</size>
         <input_file_ref idref="fl-4f"/>
      </object_component>
      <object_component id="oc-181">
         <name>.debug_info</name>
         <load_address>0x6ba2</load_address>
         <run_address>0x6ba2</run_address>
         <size>0x187</size>
         <input_file_ref idref="fl-4f"/>
      </object_component>
      <object_component id="oc-268">
         <name>.debug_info</name>
         <load_address>0x6d29</load_address>
         <run_address>0x6d29</run_address>
         <size>0x12f</size>
         <input_file_ref idref="fl-4f"/>
      </object_component>
      <object_component id="oc-26e">
         <name>.debug_info</name>
         <load_address>0x6e58</load_address>
         <run_address>0x6e58</run_address>
         <size>0x121</size>
         <input_file_ref idref="fl-4f"/>
      </object_component>
      <object_component id="oc-17b">
         <name>.debug_info</name>
         <load_address>0x6f79</load_address>
         <run_address>0x6f79</run_address>
         <size>0x277</size>
         <input_file_ref idref="fl-4f"/>
      </object_component>
      <object_component id="oc-1ff">
         <name>.debug_info</name>
         <load_address>0x71f0</load_address>
         <run_address>0x71f0</run_address>
         <size>0xa7</size>
         <input_file_ref idref="fl-4f"/>
      </object_component>
      <object_component id="oc-16f">
         <name>.debug_info</name>
         <load_address>0x7297</load_address>
         <run_address>0x7297</run_address>
         <size>0x10a</size>
         <input_file_ref idref="fl-4f"/>
      </object_component>
      <object_component id="oc-174">
         <name>.debug_info</name>
         <load_address>0x73a1</load_address>
         <run_address>0x73a1</run_address>
         <size>0xaae</size>
         <input_file_ref idref="fl-50"/>
      </object_component>
      <object_component id="oc-16a">
         <name>.debug_info</name>
         <load_address>0x7e4f</load_address>
         <run_address>0x7e4f</run_address>
         <size>0x104</size>
         <input_file_ref idref="fl-50"/>
      </object_component>
      <object_component id="oc-1ce">
         <name>.debug_info</name>
         <load_address>0x7f53</load_address>
         <run_address>0x7f53</run_address>
         <size>0xf6</size>
         <input_file_ref idref="fl-50"/>
      </object_component>
      <object_component id="oc-243">
         <name>.debug_info</name>
         <load_address>0x8049</load_address>
         <run_address>0x8049</run_address>
         <size>0xfb</size>
         <input_file_ref idref="fl-50"/>
      </object_component>
      <object_component id="oc-11d">
         <name>.debug_info</name>
         <load_address>0x8144</load_address>
         <run_address>0x8144</run_address>
         <size>0x455</size>
         <input_file_ref idref="fl-50"/>
      </object_component>
      <object_component id="oc-1df">
         <name>.debug_info</name>
         <load_address>0x8599</load_address>
         <run_address>0x8599</run_address>
         <size>0x158</size>
         <input_file_ref idref="fl-50"/>
      </object_component>
      <object_component id="oc-1e5">
         <name>.debug_info</name>
         <load_address>0x86f1</load_address>
         <run_address>0x86f1</run_address>
         <size>0x13f</size>
         <input_file_ref idref="fl-50"/>
      </object_component>
      <object_component id="oc-1ea">
         <name>.debug_info</name>
         <load_address>0x8830</load_address>
         <run_address>0x8830</run_address>
         <size>0x14b</size>
         <input_file_ref idref="fl-50"/>
      </object_component>
      <object_component id="oc-1f0">
         <name>.debug_info</name>
         <load_address>0x897b</load_address>
         <run_address>0x897b</run_address>
         <size>0x150</size>
         <input_file_ref idref="fl-50"/>
      </object_component>
      <object_component id="oc-1cb">
         <name>.debug_info</name>
         <load_address>0x8acb</load_address>
         <run_address>0x8acb</run_address>
         <size>0xa77</size>
         <input_file_ref idref="fl-51"/>
      </object_component>
      <object_component id="oc-1a9">
         <name>.debug_info</name>
         <load_address>0x9542</load_address>
         <run_address>0x9542</run_address>
         <size>0xf2</size>
         <input_file_ref idref="fl-51"/>
      </object_component>
      <object_component id="oc-222">
         <name>.debug_info</name>
         <load_address>0x9634</load_address>
         <run_address>0x9634</run_address>
         <size>0xe4</size>
         <input_file_ref idref="fl-51"/>
      </object_component>
      <object_component id="oc-280">
         <name>.debug_info</name>
         <load_address>0x9718</load_address>
         <run_address>0x9718</run_address>
         <size>0xe6</size>
         <input_file_ref idref="fl-51"/>
      </object_component>
      <object_component id="oc-2dd">
         <name>.debug_info</name>
         <load_address>0x97fe</load_address>
         <run_address>0x97fe</run_address>
         <size>0xeb</size>
         <input_file_ref idref="fl-51"/>
      </object_component>
      <object_component id="oc-28e">
         <name>.debug_info</name>
         <load_address>0x98e9</load_address>
         <run_address>0x98e9</run_address>
         <size>0xe9</size>
         <input_file_ref idref="fl-51"/>
      </object_component>
      <object_component id="oc-164">
         <name>.debug_info</name>
         <load_address>0x99d2</load_address>
         <run_address>0x99d2</run_address>
         <size>0x4e6</size>
         <input_file_ref idref="fl-51"/>
      </object_component>
      <object_component id="oc-227">
         <name>.debug_info</name>
         <load_address>0x9eb8</load_address>
         <run_address>0x9eb8</run_address>
         <size>0x13b</size>
         <input_file_ref idref="fl-51"/>
      </object_component>
      <object_component id="oc-22d">
         <name>.debug_info</name>
         <load_address>0x9ff3</load_address>
         <run_address>0x9ff3</run_address>
         <size>0x127</size>
         <input_file_ref idref="fl-51"/>
      </object_component>
      <object_component id="oc-1d3">
         <name>.debug_info</name>
         <load_address>0xa11a</load_address>
         <run_address>0xa11a</run_address>
         <size>0x171</size>
         <input_file_ref idref="fl-51"/>
      </object_component>
      <object_component id="oc-1d9">
         <name>.debug_info</name>
         <load_address>0xa28b</load_address>
         <run_address>0xa28b</run_address>
         <size>0x172</size>
         <input_file_ref idref="fl-51"/>
      </object_component>
      <object_component id="oc-1c6">
         <name>.debug_info</name>
         <load_address>0xa3fd</load_address>
         <run_address>0xa3fd</run_address>
         <size>0x273</size>
         <input_file_ref idref="fl-51"/>
      </object_component>
      <object_component id="oc-21f">
         <name>.debug_info</name>
         <load_address>0xa670</load_address>
         <run_address>0xa670</run_address>
         <size>0x802</size>
         <input_file_ref idref="fl-52"/>
      </object_component>
      <object_component id="oc-217">
         <name>.debug_info</name>
         <load_address>0xae72</load_address>
         <run_address>0xae72</run_address>
         <size>0xf5</size>
         <input_file_ref idref="fl-52"/>
      </object_component>
      <object_component id="oc-21c">
         <name>.debug_info</name>
         <load_address>0xaf67</load_address>
         <run_address>0xaf67</run_address>
         <size>0x14a</size>
         <input_file_ref idref="fl-52"/>
      </object_component>
      <object_component id="oc-1a3">
         <name>.debug_info</name>
         <load_address>0xb0b1</load_address>
         <run_address>0xb0b1</run_address>
         <size>0x171</size>
         <input_file_ref idref="fl-52"/>
      </object_component>
      <object_component id="oc-293">
         <name>.debug_info</name>
         <load_address>0xb222</load_address>
         <run_address>0xb222</run_address>
         <size>0x127</size>
         <input_file_ref idref="fl-52"/>
      </object_component>
      <object_component id="oc-248">
         <name>.debug_info</name>
         <load_address>0xb349</load_address>
         <run_address>0xb349</run_address>
         <size>0x13e</size>
         <input_file_ref idref="fl-52"/>
      </object_component>
      <object_component id="oc-24f">
         <name>.debug_info</name>
         <load_address>0xb487</load_address>
         <run_address>0xb487</run_address>
         <size>0x160</size>
         <input_file_ref idref="fl-52"/>
      </object_component>
      <object_component id="oc-1ae">
         <name>.debug_info</name>
         <load_address>0xb5e7</load_address>
         <run_address>0xb5e7</run_address>
         <size>0x168</size>
         <input_file_ref idref="fl-52"/>
      </object_component>
      <object_component id="oc-1b4">
         <name>.debug_info</name>
         <load_address>0xb74f</load_address>
         <run_address>0xb74f</run_address>
         <size>0x166</size>
         <input_file_ref idref="fl-52"/>
      </object_component>
      <object_component id="oc-1ba">
         <name>.debug_info</name>
         <load_address>0xb8b5</load_address>
         <run_address>0xb8b5</run_address>
         <size>0x166</size>
         <input_file_ref idref="fl-52"/>
      </object_component>
      <object_component id="oc-1c0">
         <name>.debug_info</name>
         <load_address>0xba1b</load_address>
         <run_address>0xba1b</run_address>
         <size>0x15e</size>
         <input_file_ref idref="fl-52"/>
      </object_component>
      <object_component id="oc-288">
         <name>.debug_info</name>
         <load_address>0xbb79</load_address>
         <run_address>0xbb79</run_address>
         <size>0x15a</size>
         <input_file_ref idref="fl-52"/>
      </object_component>
      <object_component id="oc-232">
         <name>.debug_info</name>
         <load_address>0xbcd3</load_address>
         <run_address>0xbcd3</run_address>
         <size>0x147</size>
         <input_file_ref idref="fl-53"/>
      </object_component>
      <object_component id="oc-2e3">
         <name>.debug_info</name>
         <load_address>0xbe1a</load_address>
         <run_address>0xbe1a</run_address>
         <size>0xc1</size>
         <input_file_ref idref="fl-53"/>
      </object_component>
      <object_component id="oc-29c">
         <name>.debug_info</name>
         <load_address>0xbedb</load_address>
         <run_address>0xbedb</run_address>
         <size>0x146</size>
         <input_file_ref idref="fl-54"/>
      </object_component>
      <object_component id="oc-369">
         <name>.debug_info</name>
         <load_address>0xc021</load_address>
         <run_address>0xc021</run_address>
         <size>0xa7</size>
      </object_component>
      <object_component id="oc-215">
         <name>.debug_line</name>
         <load_address>0x0</load_address>
         <run_address>0x0</run_address>
         <size>0x5b</size>
         <input_file_ref idref="fl-2"/>
      </object_component>
      <object_component id="oc-18a">
         <name>.debug_line</name>
         <load_address>0x5b</load_address>
         <run_address>0x5b</run_address>
         <size>0x5b</size>
         <input_file_ref idref="fl-2"/>
      </object_component>
      <object_component id="oc-208">
         <name>.debug_line</name>
         <load_address>0xb6</load_address>
         <run_address>0xb6</run_address>
         <size>0x5b</size>
         <input_file_ref idref="fl-2"/>
      </object_component>
      <object_component id="oc-27b">
         <name>.debug_line</name>
         <load_address>0x111</load_address>
         <run_address>0x111</run_address>
         <size>0x5b</size>
         <input_file_ref idref="fl-2"/>
      </object_component>
      <object_component id="oc-126">
         <name>.debug_line</name>
         <load_address>0x16c</load_address>
         <run_address>0x16c</run_address>
         <size>0x41</size>
         <input_file_ref idref="fl-2"/>
      </object_component>
      <object_component id="oc-20d">
         <name>.debug_line</name>
         <load_address>0x1ad</load_address>
         <run_address>0x1ad</run_address>
         <size>0x3e</size>
         <input_file_ref idref="fl-2"/>
      </object_component>
      <object_component id="oc-27e">
         <name>.debug_line</name>
         <load_address>0x1eb</load_address>
         <run_address>0x1eb</run_address>
         <size>0x20</size>
         <input_file_ref idref="fl-2"/>
      </object_component>
      <object_component id="oc-191">
         <name>.debug_line</name>
         <load_address>0x20b</load_address>
         <run_address>0x20b</run_address>
         <size>0x8b</size>
         <input_file_ref idref="fl-2"/>
      </object_component>
      <object_component id="oc-196">
         <name>.debug_line</name>
         <load_address>0x296</load_address>
         <run_address>0x296</run_address>
         <size>0x5b</size>
         <input_file_ref idref="fl-2"/>
      </object_component>
      <object_component id="oc-131">
         <name>.debug_line</name>
         <load_address>0x2f1</load_address>
         <run_address>0x2f1</run_address>
         <size>0x90</size>
         <input_file_ref idref="fl-2"/>
      </object_component>
      <object_component id="oc-136">
         <name>.debug_line</name>
         <load_address>0x381</load_address>
         <run_address>0x381</run_address>
         <size>0x67</size>
         <input_file_ref idref="fl-2"/>
      </object_component>
      <object_component id="oc-179">
         <name>.debug_line</name>
         <load_address>0x3e8</load_address>
         <run_address>0x3e8</run_address>
         <size>0x56</size>
         <input_file_ref idref="fl-2"/>
      </object_component>
      <object_component id="oc-12c">
         <name>.debug_line</name>
         <load_address>0x43e</load_address>
         <run_address>0x43e</run_address>
         <size>0x20</size>
         <input_file_ref idref="fl-2"/>
      </object_component>
      <object_component id="oc-d4">
         <name>.debug_line</name>
         <load_address>0x45e</load_address>
         <run_address>0x45e</run_address>
         <size>0x50</size>
         <input_file_ref idref="fl-3"/>
      </object_component>
      <object_component id="oc-e5">
         <name>.debug_line</name>
         <load_address>0x4ae</load_address>
         <run_address>0x4ae</run_address>
         <size>0x2a</size>
         <input_file_ref idref="fl-33"/>
      </object_component>
      <object_component id="oc-e9">
         <name>.debug_line</name>
         <load_address>0x4d8</load_address>
         <run_address>0x4d8</run_address>
         <size>0x20</size>
         <input_file_ref idref="fl-33"/>
      </object_component>
      <object_component id="oc-63">
         <name>.debug_line</name>
         <load_address>0x4f8</load_address>
         <run_address>0x4f8</run_address>
         <size>0x4c</size>
         <input_file_ref idref="fl-34"/>
      </object_component>
      <object_component id="oc-fc">
         <name>.debug_line</name>
         <load_address>0x544</load_address>
         <run_address>0x544</run_address>
         <size>0x72</size>
         <input_file_ref idref="fl-35"/>
      </object_component>
      <object_component id="oc-2f">
         <name>.debug_line</name>
         <load_address>0x5b6</load_address>
         <run_address>0x5b6</run_address>
         <size>0x50</size>
         <input_file_ref idref="fl-35"/>
      </object_component>
      <object_component id="oc-94">
         <name>.debug_line</name>
         <load_address>0x606</load_address>
         <run_address>0x606</run_address>
         <size>0x3a</size>
         <input_file_ref idref="fl-35"/>
      </object_component>
      <object_component id="oc-f9">
         <name>.debug_line</name>
         <load_address>0x640</load_address>
         <run_address>0x640</run_address>
         <size>0x72</size>
         <input_file_ref idref="fl-35"/>
      </object_component>
      <object_component id="oc-104">
         <name>.debug_line</name>
         <load_address>0x6b2</load_address>
         <run_address>0x6b2</run_address>
         <size>0x20</size>
         <input_file_ref idref="fl-36"/>
      </object_component>
      <object_component id="oc-9b">
         <name>.debug_line</name>
         <load_address>0x6d2</load_address>
         <run_address>0x6d2</run_address>
         <size>0x87</size>
         <input_file_ref idref="fl-36"/>
      </object_component>
      <object_component id="oc-35">
         <name>.debug_line</name>
         <load_address>0x759</load_address>
         <run_address>0x759</run_address>
         <size>0x49</size>
         <input_file_ref idref="fl-36"/>
      </object_component>
      <object_component id="oc-a2">
         <name>.debug_line</name>
         <load_address>0x7a2</load_address>
         <run_address>0x7a2</run_address>
         <size>0x39</size>
         <input_file_ref idref="fl-36"/>
      </object_component>
      <object_component id="oc-107">
         <name>.debug_line</name>
         <load_address>0x7db</load_address>
         <run_address>0x7db</run_address>
         <size>0x20</size>
         <input_file_ref idref="fl-37"/>
      </object_component>
      <object_component id="oc-45">
         <name>.debug_line</name>
         <load_address>0x7fb</load_address>
         <run_address>0x7fb</run_address>
         <size>0x4d</size>
         <input_file_ref idref="fl-37"/>
      </object_component>
      <object_component id="oc-ad">
         <name>.debug_line</name>
         <load_address>0x848</load_address>
         <run_address>0x848</run_address>
         <size>0x34</size>
         <input_file_ref idref="fl-37"/>
      </object_component>
      <object_component id="oc-f4">
         <name>.debug_line</name>
         <load_address>0x87c</load_address>
         <run_address>0x87c</run_address>
         <size>0x72</size>
         <input_file_ref idref="fl-37"/>
      </object_component>
      <object_component id="oc-309">
         <name>.debug_line</name>
         <load_address>0x8ee</load_address>
         <run_address>0x8ee</run_address>
         <size>0x72</size>
         <input_file_ref idref="fl-38"/>
      </object_component>
      <object_component id="oc-25a">
         <name>.debug_line</name>
         <load_address>0x960</load_address>
         <run_address>0x960</run_address>
         <size>0x41</size>
         <input_file_ref idref="fl-38"/>
      </object_component>
      <object_component id="oc-101">
         <name>.debug_line</name>
         <load_address>0x9a1</load_address>
         <run_address>0x9a1</run_address>
         <size>0x40</size>
         <input_file_ref idref="fl-39"/>
      </object_component>
      <object_component id="oc-dc">
         <name>.debug_line</name>
         <load_address>0x9e1</load_address>
         <run_address>0x9e1</run_address>
         <size>0x3a</size>
         <input_file_ref idref="fl-3a"/>
      </object_component>
      <object_component id="oc-a8">
         <name>.debug_line</name>
         <load_address>0xa1b</load_address>
         <run_address>0xa1b</run_address>
         <size>0x3c</size>
         <input_file_ref idref="fl-45"/>
      </object_component>
      <object_component id="oc-141">
         <name>.debug_line</name>
         <load_address>0xa57</load_address>
         <run_address>0xa57</run_address>
         <size>0x20</size>
         <input_file_ref idref="fl-46"/>
      </object_component>
      <object_component id="oc-8e">
         <name>.debug_line</name>
         <load_address>0xa77</load_address>
         <run_address>0xa77</run_address>
         <size>0x45</size>
         <input_file_ref idref="fl-46"/>
      </object_component>
      <object_component id="oc-13a">
         <name>.debug_line</name>
         <load_address>0xabc</load_address>
         <run_address>0xabc</run_address>
         <size>0xcf</size>
         <input_file_ref idref="fl-47"/>
      </object_component>
      <object_component id="oc-ec">
         <name>.debug_line</name>
         <load_address>0xb8b</load_address>
         <run_address>0xb8b</run_address>
         <size>0x2c</size>
         <input_file_ref idref="fl-47"/>
      </object_component>
      <object_component id="oc-2bb">
         <name>.debug_line</name>
         <load_address>0xbb7</load_address>
         <run_address>0xbb7</run_address>
         <size>0x6d</size>
         <input_file_ref idref="fl-47"/>
      </object_component>
      <object_component id="oc-19b">
         <name>.debug_line</name>
         <load_address>0xc24</load_address>
         <run_address>0xc24</run_address>
         <size>0x72</size>
         <input_file_ref idref="fl-47"/>
      </object_component>
      <object_component id="oc-13e">
         <name>.debug_line</name>
         <load_address>0xc96</load_address>
         <run_address>0xc96</run_address>
         <size>0x2c</size>
         <input_file_ref idref="fl-47"/>
      </object_component>
      <object_component id="oc-b4">
         <name>.debug_line</name>
         <load_address>0xcc2</load_address>
         <run_address>0xcc2</run_address>
         <size>0x3e</size>
         <input_file_ref idref="fl-4a"/>
      </object_component>
      <object_component id="oc-2fb">
         <name>.debug_line</name>
         <load_address>0xd00</load_address>
         <run_address>0xd00</run_address>
         <size>0x7e</size>
         <input_file_ref idref="fl-4b"/>
      </object_component>
      <object_component id="oc-2c3">
         <name>.debug_line</name>
         <load_address>0xd7e</load_address>
         <run_address>0xd7e</run_address>
         <size>0x31</size>
         <input_file_ref idref="fl-4b"/>
      </object_component>
      <object_component id="oc-276">
         <name>.debug_line</name>
         <load_address>0xdaf</load_address>
         <run_address>0xdaf</run_address>
         <size>0x31</size>
         <input_file_ref idref="fl-4b"/>
      </object_component>
      <object_component id="oc-241">
         <name>.debug_line</name>
         <load_address>0xde0</load_address>
         <run_address>0xde0</run_address>
         <size>0x31</size>
         <input_file_ref idref="fl-4b"/>
      </object_component>
      <object_component id="oc-326">
         <name>.debug_line</name>
         <load_address>0xe11</load_address>
         <run_address>0xe11</run_address>
         <size>0x31</size>
         <input_file_ref idref="fl-4b"/>
      </object_component>
      <object_component id="oc-2f1">
         <name>.debug_line</name>
         <load_address>0xe42</load_address>
         <run_address>0xe42</run_address>
         <size>0x31</size>
         <input_file_ref idref="fl-4b"/>
      </object_component>
      <object_component id="oc-2d0">
         <name>.debug_line</name>
         <load_address>0xe73</load_address>
         <run_address>0xe73</run_address>
         <size>0x31</size>
         <input_file_ref idref="fl-4b"/>
      </object_component>
      <object_component id="oc-2a6">
         <name>.debug_line</name>
         <load_address>0xea4</load_address>
         <run_address>0xea4</run_address>
         <size>0x31</size>
         <input_file_ref idref="fl-4b"/>
      </object_component>
      <object_component id="oc-32e">
         <name>.debug_line</name>
         <load_address>0xed5</load_address>
         <run_address>0xed5</run_address>
         <size>0x31</size>
         <input_file_ref idref="fl-4b"/>
      </object_component>
      <object_component id="oc-321">
         <name>.debug_line</name>
         <load_address>0xf06</load_address>
         <run_address>0xf06</run_address>
         <size>0x31</size>
         <input_file_ref idref="fl-4b"/>
      </object_component>
      <object_component id="oc-319">
         <name>.debug_line</name>
         <load_address>0xf37</load_address>
         <run_address>0xf37</run_address>
         <size>0x31</size>
         <input_file_ref idref="fl-4b"/>
      </object_component>
      <object_component id="oc-2ec">
         <name>.debug_line</name>
         <load_address>0xf68</load_address>
         <run_address>0xf68</run_address>
         <size>0x31</size>
         <input_file_ref idref="fl-4b"/>
      </object_component>
      <object_component id="oc-2ab">
         <name>.debug_line</name>
         <load_address>0xf99</load_address>
         <run_address>0xf99</run_address>
         <size>0x41</size>
         <input_file_ref idref="fl-4b"/>
      </object_component>
      <object_component id="oc-2f9">
         <name>.debug_line</name>
         <load_address>0xfda</load_address>
         <run_address>0xfda</run_address>
         <size>0x20</size>
         <input_file_ref idref="fl-4b"/>
      </object_component>
      <object_component id="oc-2d5">
         <name>.debug_line</name>
         <load_address>0xffa</load_address>
         <run_address>0xffa</run_address>
         <size>0x41</size>
         <input_file_ref idref="fl-4b"/>
      </object_component>
      <object_component id="oc-31c">
         <name>.debug_line</name>
         <load_address>0x103b</load_address>
         <run_address>0x103b</run_address>
         <size>0x20</size>
         <input_file_ref idref="fl-4b"/>
      </object_component>
      <object_component id="oc-30e">
         <name>.debug_line</name>
         <load_address>0x105b</load_address>
         <run_address>0x105b</run_address>
         <size>0x41</size>
         <input_file_ref idref="fl-4b"/>
      </object_component>
      <object_component id="oc-329">
         <name>.debug_line</name>
         <load_address>0x109c</load_address>
         <run_address>0x109c</run_address>
         <size>0x20</size>
         <input_file_ref idref="fl-4b"/>
      </object_component>
      <object_component id="oc-2f6">
         <name>.debug_line</name>
         <load_address>0x10bc</load_address>
         <run_address>0x10bc</run_address>
         <size>0x7e</size>
         <input_file_ref idref="fl-4b"/>
      </object_component>
      <object_component id="oc-2ff">
         <name>.debug_line</name>
         <load_address>0x113a</load_address>
         <run_address>0x113a</run_address>
         <size>0x2d</size>
         <input_file_ref idref="fl-4b"/>
      </object_component>
      <object_component id="oc-304">
         <name>.debug_line</name>
         <load_address>0x1167</load_address>
         <run_address>0x1167</run_address>
         <size>0x72</size>
         <input_file_ref idref="fl-4b"/>
      </object_component>
      <object_component id="oc-19f">
[...]
         <value>0xc6ca</value>
      </symbol>
      <symbol id="sm-67">
         <name>binit</name>
         <value>0xffffffff</value>
      </symbol>
      <symbol id="sm-68">
         <name>__binit__</name>
         <value>0xffffffff</value>
      </symbol>
      <symbol id="sm-69">
         <name>__STACK_SIZE</name>
         <value>0x50</value>
      </symbol>
      <symbol id="sm-6a">
         <name>__STACK_END</name>
         <value>0x400</value>
      </symbol>
      <symbol id="sm-6b">
         <name>__SYSMEM_SIZE</name>
         <value>0x50</value>
      </symbol>
      <symbol id="sm-6c">
         <name>__c_args__</name>
         <value>0xffffffff</value>
      </symbol>
      <symbol id="sm-dd">
         <name>_ZN3TlcD1Ev</name>
         <value>0xc4ca</value>
         <object_component_ref idref="oc-209"/>
      </symbol>
      <symbol id="sm-de">
         <name>_ZN3TlcC1EPN5ucube9SpiMasterE</name>
         <value>0xc46e</value>
         <object_component_ref idref="oc-122"/>
      </symbol>
      <symbol id="sm-df">
         <name>_ZTS3Tlc</name>
         <value>0xc6a6</value>
         <object_component_ref idref="oc-277"/>
      </symbol>
      <symbol id="sm-e0">
         <name>_ZN3TlcD2Ev</name>
         <value>0xc4ca</value>
         <object_component_ref idref="oc-209"/>
      </symbol>
      <symbol id="sm-e1">
         <name>_ZTV3Tlc</name>
         <value>0xc65e</value>
         <object_component_ref idref="oc-186"/>
      </symbol>
      <symbol id="sm-e2">
         <name>_ZN3TlcC2EPN5ucube9SpiMasterE</name>
         <value>0xc46e</value>
         <object_component_ref idref="oc-122"/>
      </symbol>
      <symbol id="sm-e3">
         <name>_ZTI3Tlc</name>
         <value>0xc68e</value>
         <object_component_ref idref="oc-204"/>
      </symbol>
      <symbol id="sm-e4">
         <name>_ZN3TlcD0Ev</name>
         <value>0xc42c</value>
         <object_component_ref idref="oc-20f"/>
      </symbol>
      <symbol id="sm-ef">
         <name>main</name>
         <value>0xc1bc</value>
         <object_component_ref idref="oc-d0"/>
      </symbol>
      <symbol id="sm-fd">
         <name>_stack</name>
         <value>0x3b0</value>
         <object_component_ref idref="oc-83"/>
      </symbol>
      <symbol id="sm-fe">
         <name>_reset_vector</name>
         <value>0xfffe</value>
         <object_component_ref idref="oc-86"/>
      </symbol>
      <symbol id="sm-109">
         <name>_c_int00_noargs_noexit</name>
         <value>0xc3b2</value>
         <object_component_ref idref="oc-5f"/>
      </symbol>
      <symbol id="sm-11f">
         <name>__TI_decompress_none</name>
         <value>0xc496</value>
         <object_component_ref idref="oc-2b"/>
      </symbol>
      <symbol id="sm-141">
         <name>__TI_decompress_rle24</name>
         <value>0xc540</value>
         <object_component_ref idref="oc-31"/>
      </symbol>
      <symbol id="sm-159">
         <name>__TI_zero_init</name>
         <value>0xc482</value>
         <object_component_ref idref="oc-41"/>
      </symbol>
      <symbol id="sm-166">
         <name>_ZdlPv</name>
         <value>0xc528</value>
         <object_component_ref idref="oc-256"/>
      </symbol>
      <symbol id="sm-16f">
         <name>__mspabi_func_epilog_2</name>
         <value>0xc4c4</value>
         <object_component_ref idref="oc-fd"/>
      </symbol>
      <symbol id="sm-170">
         <name>__mspabi_func_epilog_3</name>
         <value>0xc4c2</value>
         <object_component_ref idref="oc-fd"/>
      </symbol>
      <symbol id="sm-171">
         <name>__mspabi_func_epilog_1</name>
         <value>0xc4c6</value>
         <object_component_ref idref="oc-fd"/>
      </symbol>
      <symbol id="sm-172">
         <name>__mspabi_func_epilog_6</name>
         <value>0xc4bc</value>
         <object_component_ref idref="oc-fd"/>
      </symbol>
      <symbol id="sm-173">
         <name>__mspabi_func_epilog_7</name>
         <value>0xc4ba</value>
         <object_component_ref idref="oc-fd"/>
      </symbol>
      <symbol id="sm-174">
         <name>__mspabi_func_epilog_4</name>
         <value>0xc4c0</value>
         <object_component_ref idref="oc-fd"/>
      </symbol>
      <symbol id="sm-175">
         <name>__mspabi_func_epilog_5</name>
         <value>0xc4be</value>
         <object_component_ref idref="oc-fd"/>
      </symbol>
      <symbol id="sm-180">
         <name>C$$EXIT</name>
         <value>0xc552</value>
         <object_component_ref idref="oc-d8"/>
      </symbol>
      <symbol id="sm-181">
         <name>abort</name>
         <value>0xc552</value>
         <object_component_ref idref="oc-d8"/>
      </symbol>
      <symbol id="sm-184">
         <name>__TI_int02</name>
         <value>0xffe4</value>
         <object_component_ref idref="oc-37"/>
      </symbol>
      <symbol id="sm-187">
         <name>__TI_int03</name>
         <value>0xffe6</value>
         <object_component_ref idref="oc-38"/>
      </symbol>
      <symbol id="sm-18a">
         <name>__TI_int05</name>
         <value>0xffea</value>
         <object_component_ref idref="oc-39"/>
      </symbol>
      <symbol id="sm-18d">
         <name>__TI_int08</name>
         <value>0xfff0</value>
         <object_component_ref idref="oc-3a"/>
      </symbol>
      <symbol id="sm-190">
         <name>__TI_int09</name>
         <value>0xfff2</value>
         <object_component_ref idref="oc-3b"/>
      </symbol>
      <symbol id="sm-193">
         <name>__TI_int10</name>
         <value>0xfff4</value>
         <object_component_ref idref="oc-3c"/>
      </symbol>
      <symbol id="sm-196">
         <name>__TI_int11</name>
         <value>0xfff6</value>
         <object_component_ref idref="oc-3d"/>
      </symbol>
      <symbol id="sm-199">
         <name>__TI_int12</name>
         <value>0xfff8</value>
         <object_component_ref idref="oc-3e"/>
      </symbol>
      <symbol id="sm-19c">
         <name>__TI_int13</name>
         <value>0xfffa</value>
         <object_component_ref idref="oc-3f"/>
      </symbol>
      <symbol id="sm-19f">
         <name>__TI_int14</name>
         <value>0xfffc</value>
         <object_component_ref idref="oc-40"/>
      </symbol>
      <symbol id="sm-1a7">
         <name>__TI_ISR_TRAP</name>
         <value>0xc53a</value>
         <object_component_ref idref="oc-a4"/>
      </symbol>
      <symbol id="sm-1b5">
         <name>memcpy</name>
         <value>0xc4a8</value>
         <object_component_ref idref="oc-8a"/>
      </symbol>
      <symbol id="sm-1db">
         <name>_sys_memory</name>
         <value>0x200</value>
         <object_component_ref idref="oc-87"/>
      </symbol>
      <symbol id="sm-1dc">
         <name>free</name>
         <value>0xc0d8</value>
         <object_component_ref idref="oc-2b7"/>
      </symbol>
      <symbol id="sm-1e7">
         <name>_system_pre_init</name>
         <value>0xc54e</value>
         <object_component_ref idref="oc-b0"/>
      </symbol>
      <symbol id="sm-261">
         <name>_ZTVN10__cxxabiv121__vmi_class_type_infoE</name>
         <value>0xc676</value>
         <object_component_ref idref="oc-23d"/>
      </symbol>
      <symbol id="sm-262">
         <name>_ZTSN10__cxxabiv121__vmi_class_type_infoE</name>
         <value>0xc562</value>
         <object_component_ref idref="oc-2e8"/>
      </symbol>
      <symbol id="sm-263">
         <name>_ZTSSt9type_info</name>
         <value>0xc650</value>
         <object_component_ref idref="oc-32a"/>
      </symbol>
      <symbol id="sm-264">
         <name>_ZTIN10__cxxabiv121__vmi_class_type_infoE</name>
         <value>0xc6a0</value>
         <object_component_ref idref="oc-2a2"/>
      </symbol>
      <symbol id="sm-265">
         <name>_ZN10__cxxabiv117__class_type_infoD1Ev</name>
         <value>0xc556</value>
         <object_component_ref idref="oc-30a"/>
      </symbol>
      <symbol id="sm-266">
         <name>_ZN10__cxxabiv121__vmi_class_type_infoD1Ev</name>
         <value>0xc55a</value>
         <object_component_ref idref="oc-2a7"/>
      </symbol>
      <symbol id="sm-267">
         <name>_ZTSN10__cxxabiv120__si_class_type_infoE</name>
         <value>0xc588</value>
         <object_component_ref idref="oc-315"/>
      </symbol>
      <symbol id="sm-268">
         <name>_ZN10__cxxabiv121__vmi_class_type_infoD2Ev</name>
         <value>0xc55a</value>
         <object_component_ref idref="oc-2a7"/>
      </symbol>
      <symbol id="sm-269">
         <name>_ZTSN10__cxxabiv117__class_type_infoE</name>
         <value>0xc5ae</value>
         <object_component_ref idref="oc-31d"/>
      </symbol>
      <symbol id="sm-26a">
         <name>_ZN10__cxxabiv117__class_type_infoD2Ev</name>
         <value>0xc556</value>
         <object_component_ref idref="oc-30a"/>
      </symbol>
      <symbol id="sm-26b">
         <name>_ZN10__cxxabiv120__si_class_type_infoD2Ev</name>
         <value>0xc558</value>
         <object_component_ref idref="oc-2d1"/>
      </symbol>
      <symbol id="sm-26c">
         <name>_ZTVN10__cxxabiv117__class_type_infoE</name>
         <value>0xc666</value>
         <object_component_ref idref="oc-2bf"/>
      </symbol>
      <symbol id="sm-26d">
         <name>_ZTISt9type_info</name>
         <value>0xc6b4</value>
         <object_component_ref idref="oc-322"/>
      </symbol>
      <symbol id="sm-26e">
         <name>_ZTIN10__cxxabiv117__class_type_infoE</name>
         <value>0xc694</value>
         <object_component_ref idref="oc-2ed"/>
      </symbol>
      <symbol id="sm-26f">
         <name>_ZN10__cxxabiv120__si_class_type_infoD1Ev</name>
         <value>0xc558</value>
         <object_component_ref idref="oc-2d1"/>
      </symbol>
      <symbol id="sm-270">
         <name>_ZTIN10__cxxabiv120__si_class_type_infoE</name>
         <value>0xc69a</value>
         <object_component_ref idref="oc-2cc"/>
      </symbol>
      <symbol id="sm-271">
         <name>_ZN10__cxxabiv117__class_type_infoD0Ev</name>
         <value>0xc500</value>
         <object_component_ref idref="oc-310"/>
      </symbol>
      <symbol id="sm-272">
         <name>_ZN10__cxxabiv121__vmi_class_type_infoD0Ev</name>
         <value>0xc514</value>
         <object_component_ref idref="oc-2ad"/>
      </symbol>
      <symbol id="sm-273">
         <name>_ZTVN10__cxxabiv120__si_class_type_infoE</name>
         <value>0xc66e</value>
         <object_component_ref idref="oc-272"/>
      </symbol>
      <symbol id="sm-274">
         <name>_ZN10__cxxabiv120__si_class_type_infoD0Ev</name>
         <value>0xc50a</value>
         <object_component_ref idref="oc-2d7"/>
      </symbol>
      <symbol id="sm-28a">
         <name>_nop</name>
         <value>0xc560</value>
         <object_component_ref idref="oc-151"/>
      </symbol>
      <symbol id="sm-28b">
         <name>_lock</name>
         <value>0x254</value>
         <object_component_ref idref="oc-10d"/>
      </symbol>
      <symbol id="sm-28c">
         <name>_unlock</name>
         <value>0x256</value>
         <object_component_ref idref="oc-116"/>
      </symbol>
      <symbol id="sm-2a5">
         <name>_auto_init</name>
         <value>0xc278</value>
         <object_component_ref idref="oc-b6"/>
      </symbol>
      <symbol id="sm-2df">
         <name>_ZTIN5ucube9SpiDeviceE</name>
         <value>0xc6b0</value>
         <object_component_ref idref="oc-262"/>
      </symbol>
      <symbol id="sm-2e0">
         <name>_ZN5ucube9SpiDeviceD0Ev</name>
         <value>0xc51e</value>
         <object_component_ref idref="oc-26d"/>
      </symbol>
      <symbol id="sm-2e1">
         <name>_ZN5ucube9SpiDeviceC1EPNS_9SpiMasterE</name>
         <value>0xc4f4</value>
         <object_component_ref idref="oc-180"/>
      </symbol>
      <symbol id="sm-2e2">
         <name>_ZTVN5ucube9SpiDeviceE</name>
         <value>0xc686</value>
         <object_component_ref idref="oc-1f9"/>
      </symbol>
      <symbol id="sm-2e3">
         <name>_ZN5ucube9SpiDeviceC2EPNS_9SpiMasterE</name>
         <value>0xc4f4</value>
         <object_component_ref idref="oc-180"/>
      </symbol>
      <symbol id="sm-2e4">
         <name>_ZN5ucube9SpiDeviceD2Ev</name>
         <value>0xc55c</value>
         <object_component_ref idref="oc-267"/>
      </symbol>
      <symbol id="sm-2e5">
         <name>_ZTSN5ucube9SpiDeviceE</name>
         <value>0xc5d0</value>
         <object_component_ref idref="oc-2c4"/>
      </symbol>
      <symbol id="sm-2e6">
         <name>_ZN5ucube9SpiDeviceD1Ev</name>
         <value>0xc55c</value>
         <object_component_ref idref="oc-267"/>
      </symbol>
      <symbol id="sm-31f">
         <name>_ZN5ucube9SpiMasterC1ENS_11UsciChannel11UsciChannelEtNS_14SpiClockSource14SpiClockSourceENS_12SpiClockMode12SpiClockModeENS_16SpiDataDirection16SpiDataDirectionENS_15SpiSymbolLength15SpiSymbolLengthE</name>
         <value>0xc220</value>
         <object_component_ref idref="oc-11c"/>
      </symbol>
      <symbol id="sm-320">
         <name>_ZN5ucube9SpiMasterD1Ev</name>
         <value>0xc4e6</value>
         <object_component_ref idref="oc-1de"/>
      </symbol>
      <symbol id="sm-321">
         <name>_ZN5ucube9SpiMasterD2Ev</name>
         <value>0xc4e6</value>
         <object_component_ref idref="oc-1de"/>
      </symbol>
      <symbol id="sm-322">
         <name>_ZTSN5ucube9SpiMasterE</name>
         <value>0xc5e4</value>
         <object_component_ref idref="oc-242"/>
      </symbol>
      <symbol id="sm-323">
         <name>_ZN5ucube9SpiMaster13OnRecieveByteEh</name>
         <value>0xc55e</value>
         <object_component_ref idref="oc-1ef"/>
      </symbol>
      <symbol id="sm-324">
         <name>_ZN5ucube9SpiMaster10OnSendByteEPh</name>
         <value>0xc546</value>
         <object_component_ref idref="oc-1e9"/>
      </symbol>
      <symbol id="sm-325">
         <name>_ZN5ucube9SpiMasterC2ENS_11UsciChannel11UsciChannelEtNS_14SpiClockSource14SpiClockSourceENS_12SpiClockMode12SpiClockModeENS_16SpiDataDirection16SpiDataDirectionENS_15SpiSymbolLength15SpiSymbolLengthE</name>
         <value>0xc220</value>
         <object_component_ref idref="oc-11c"/>
      </symbol>
      <symbol id="sm-326">
         <name>_ZTIN5ucube9SpiMasterE</name>
         <value>0xc626</value>
         <object_component_ref idref="oc-1cd"/>
      </symbol>
      <symbol id="sm-327">
         <name>_ZN5ucube9SpiMasterD0Ev</name>
         <value>0xc458</value>
         <object_component_ref idref="oc-1e4"/>
      </symbol>
      <symbol id="sm-328">
         <name>_ZTVN5ucube9SpiMasterE</name>
         <value>0xc608</value>
         <object_component_ref idref="oc-169"/>
      </symbol>
      <symbol id="sm-379">
         <name>_ZN5ucube3SpiD2Ev</name>
         <value>0xc4d8</value>
         <object_component_ref idref="oc-226"/>
      </symbol>
      <symbol id="sm-37a">
         <name>_ZTSN5ucube3SpiE</name>
         <value>0xc642</value>
         <object_component_ref idref="oc-28d"/>
      </symbol>
      <symbol id="sm-37b">
         <name>_ZTVN5ucube3SpiE</name>
         <value>0xc5f8</value>
         <object_component_ref idref="oc-1a8"/>
      </symbol>
      <symbol id="sm-37c">
         <name>_ZN5ucube3Spi10OnSerialRxEv</name>
         <value>0xc3cc</value>
         <object_component_ref idref="oc-1d2"/>
      </symbol>
      <symbol id="sm-37d">
         <name>_ZN5ucube3SpiD1Ev</name>
         <value>0xc4d8</value>
         <object_component_ref idref="oc-226"/>
      </symbol>
      <symbol id="sm-37e">
         <name>_ZN5ucube3SpiC1ENS_11UsciChannel11UsciChannelENS_13SpiMasterMode13SpiMasterModeENS_7SpiMode7SpiModeENS_14SpiClockSource14SpiClockSourceENS_16SpiDataDirection16SpiDataDirectionENS_15SpiSymbolLength15SpiSymbolLengthENS_12SpiClockMode12SpiClockModeEt</name>
         <value>0xc000</value>
         <object_component_ref idref="oc-163"/>
      </symbol>
      <symbol id="sm-37f">
         <name>_ZN5ucube3SpiD0Ev</name>
         <value>0xc442</value>
         <object_component_ref idref="oc-22c"/>
      </symbol>
      <symbol id="sm-380">
         <name>_ZTIN5ucube3SpiE</name>
         <value>0xc618</value>
         <object_component_ref idref="oc-221"/>
      </symbol>
      <symbol id="sm-381">
         <name>_ZN5ucube3Spi10OnSerialTxEv</name>
         <value>0xc326</value>
         <object_component_ref idref="oc-1d8"/>
      </symbol>
      <symbol id="sm-382">
         <name>_ZN5ucube3SpiC2ENS_11UsciChannel11UsciChannelENS_13SpiMasterMode13SpiMasterModeENS_7SpiMode7SpiModeENS_14SpiClockSource14SpiClockSourceENS_16SpiDataDirection16SpiDataDirectionENS_15SpiSymbolLength15SpiSymbolLengthENS_12SpiClockMode12SpiClockModeEt</name>
         <value>0xc000</value>
         <object_component_ref idref="oc-163"/>
      </symbol>
      <symbol id="sm-383">
         <name>_ZTSN5ucube4UsciE</name>
         <value>0xc634</value>
         <object_component_ref idref="oc-2dc"/>
      </symbol>
      <symbol id="sm-384">
         <name>_ZTIN5ucube4UsciE</name>
         <value>0xc6ac</value>
         <object_component_ref idref="oc-27f"/>
      </symbol>
      <symbol id="sm-3e5">
         <name>_ZN5ucube4UsciC1ENS_11UsciChannel11UsciChannelE</name>
         <value>0xc372</value>
         <object_component_ref idref="oc-1a2"/>
      </symbol>
      <symbol id="sm-3e6">
         <name>_ZTVN5ucube4UsciE</name>
         <value>0xc67e</value>
         <object_component_ref idref="oc-216"/>
      </symbol>
      <symbol id="sm-3e7">
         <name>_ZN5ucube4Usci14SerialReadByteEv</name>
         <value>0xc394</value>
         <object_component_ref idref="oc-247"/>
      </symbol>
      <symbol id="sm-3e8">
         <name>_ZN5ucube4Usci11SetUsciBaudEt</name>
         <value>0xc34e</value>
         <object_component_ref idref="oc-1bf"/>
      </symbol>
      <symbol id="sm-3e9">
         <name>_ZN5ucube4UsciD1Ev</name>
         <value>0xc414</value>
         <object_component_ref idref="oc-292"/>
      </symbol>
      <symbol id="sm-3ea">
         <name>_ZN5ucube4Usci15SetUsciControl1Eh</name>
         <value>0xc2fc</value>
         <object_component_ref idref="oc-1b9"/>
      </symbol>
      <symbol id="sm-3eb">
         <name>_ZN5ucube4UsciD2Ev</name>
         <value>0xc414</value>
         <object_component_ref idref="oc-292"/>
      </symbol>
      <symbol id="sm-3ec">
         <name>_ZN5ucube4Usci14usciBCallbacksE</name>
         <value>0x252</value>
         <object_component_ref idref="oc-21b"/>
      </symbol>
      <symbol id="sm-3ed">
         <name>_ZN5ucube4Usci14usciACallbacksE</name>
         <value>0x250</value>
         <object_component_ref idref="oc-21b"/>
      </symbol>
      <symbol id="sm-3ee">
         <name>_ZN5ucube4UsciC2ENS_11UsciChannel11UsciChannelE</name>
         <value>0xc372</value>
         <object_component_ref idref="oc-1a2"/>
      </symbol>
      <symbol id="sm-3ef">
         <name>_ZN5ucube4Usci14SerialSendByteEh</name>
         <value>0xc3e4</value>
         <object_component_ref idref="oc-24e"/>
      </symbol>
      <symbol id="sm-3f0">
         <name>_ZN5ucube4Usci15SetUsciControl0Eh</name>
         <value>0xc3fc</value>
         <object_component_ref idref="oc-1b3"/>
      </symbol>
      <symbol id="sm-3f1">
         <name>_ZN5ucube4Usci16SetUsciResetModeEb</name>
         <value>0xc2d0</value>
         <object_component_ref idref="oc-1ad"/>
      </symbol>
      <symbol id="sm-3ff">
         <name>__cxa_pure_virtual</name>
         <value>0xc532</value>
         <object_component_ref idref="oc-231"/>
      </symbol>
      <symbol id="sm-408">
         <name>__abort_execution</name>
         <value>0xc54a</value>
         <object_component_ref idref="oc-29b"/>
      </symbol>
      <symbol id="sm-40a">
         <name>__TI_INITARRAY_Base</name>
         <value>0x0</value>
      </symbol>
      <symbol id="sm-40b">
         <name>__TI_INITARRAY_Limit</name>
         <value>0x0</value>
      </symbol>
   </symbol_table>
   <title>Link successful</title>
</link_info>
